Component: ARM Compiler 5.06 update 6 (build 750) Tool: armlink [4d35ed]

==============================================================================

Section Cross References

    main.o(i.main) refers to ulog.o(i.ulog_init) for ulog_init
    main.o(i.main) refers to ulog.o(i.ulog_message) for ulog_message
    system_stm32f4xx_1.o(i.SystemCoreClockUpdate) refers to system_stm32f4xx_1.o(.data) for SystemCoreClock
    system_stm32f4xx_1.o(i.SystemInit) refers to system_stm32f4xx_1.o(i.SetSysClock) for SetSysClock
    stm32f4xx_adc.o(i.ADC_DeInit) refers to stm32f4xx_rcc.o(i.RCC_APB2PeriphResetCmd) for RCC_APB2PeriphResetCmd
    stm32f4xx_can.o(i.CAN_DeInit) refers to stm32f4xx_rcc.o(i.RCC_APB1PeriphResetCmd) for RCC_APB1PeriphResetCmd
    stm32f4xx_can.o(i.CAN_GetITStatus) refers to stm32f4xx_can.o(i.CheckITStatus) for CheckITStatus
    stm32f4xx_cryp.o(i.CRYP_DeInit) refers to stm32f4xx_rcc.o(i.RCC_AHB2PeriphResetCmd) for RCC_AHB2PeriphResetCmd
    stm32f4xx_cryp_aes.o(i.CRYP_AES_CBC) refers to stm32f4xx_cryp.o(i.CRYP_KeyStructInit) for CRYP_KeyStructInit
    stm32f4xx_cryp_aes.o(i.CRYP_AES_CBC) refers to stm32f4xx_cryp.o(i.CRYP_FIFOFlush) for CRYP_FIFOFlush
    stm32f4xx_cryp_aes.o(i.CRYP_AES_CBC) refers to stm32f4xx_cryp.o(i.CRYP_Init) for CRYP_Init
    stm32f4xx_cryp_aes.o(i.CRYP_AES_CBC) refers to stm32f4xx_cryp.o(i.CRYP_KeyInit) for CRYP_KeyInit
    stm32f4xx_cryp_aes.o(i.CRYP_AES_CBC) refers to stm32f4xx_cryp.o(i.CRYP_Cmd) for CRYP_Cmd
    stm32f4xx_cryp_aes.o(i.CRYP_AES_CBC) refers to stm32f4xx_cryp.o(i.CRYP_GetFlagStatus) for CRYP_GetFlagStatus
    stm32f4xx_cryp_aes.o(i.CRYP_AES_CBC) refers to stm32f4xx_cryp.o(i.CRYP_IVInit) for CRYP_IVInit
    stm32f4xx_cryp_aes.o(i.CRYP_AES_CBC) refers to stm32f4xx_cryp.o(i.CRYP_GetCmdStatus) for CRYP_GetCmdStatus
    stm32f4xx_cryp_aes.o(i.CRYP_AES_CBC) refers to stm32f4xx_cryp.o(i.CRYP_DataIn) for CRYP_DataIn
    stm32f4xx_cryp_aes.o(i.CRYP_AES_CBC) refers to stm32f4xx_cryp.o(i.CRYP_DataOut) for CRYP_DataOut
    stm32f4xx_cryp_aes.o(i.CRYP_AES_CCM) refers to stm32f4xx_cryp.o(i.CRYP_KeyStructInit) for CRYP_KeyStructInit
    stm32f4xx_cryp_aes.o(i.CRYP_AES_CCM) refers to stm32f4xx_cryp.o(i.CRYP_FIFOFlush) for CRYP_FIFOFlush
    stm32f4xx_cryp_aes.o(i.CRYP_AES_CCM) refers to stm32f4xx_cryp.o(i.CRYP_KeyInit) for CRYP_KeyInit
    stm32f4xx_cryp_aes.o(i.CRYP_AES_CCM) refers to stm32f4xx_cryp.o(i.CRYP_IVInit) for CRYP_IVInit
    stm32f4xx_cryp_aes.o(i.CRYP_AES_CCM) refers to stm32f4xx_cryp.o(i.CRYP_Init) for CRYP_Init
    stm32f4xx_cryp_aes.o(i.CRYP_AES_CCM) refers to stm32f4xx_cryp.o(i.CRYP_PhaseConfig) for CRYP_PhaseConfig
    stm32f4xx_cryp_aes.o(i.CRYP_AES_CCM) refers to stm32f4xx_cryp.o(i.CRYP_DataIn) for CRYP_DataIn
    stm32f4xx_cryp_aes.o(i.CRYP_AES_CCM) refers to stm32f4xx_cryp.o(i.CRYP_Cmd) for CRYP_Cmd
    stm32f4xx_cryp_aes.o(i.CRYP_AES_CCM) refers to stm32f4xx_cryp.o(i.CRYP_GetCmdStatus) for CRYP_GetCmdStatus
    stm32f4xx_cryp_aes.o(i.CRYP_AES_CCM) refers to stm32f4xx_cryp.o(i.CRYP_GetFlagStatus) for CRYP_GetFlagStatus
    stm32f4xx_cryp_aes.o(i.CRYP_AES_CCM) refers to stm32f4xx_cryp.o(i.CRYP_DataOut) for CRYP_DataOut
    stm32f4xx_cryp_aes.o(i.CRYP_AES_CTR) refers to stm32f4xx_cryp.o(i.CRYP_KeyStructInit) for CRYP_KeyStructInit
    stm32f4xx_cryp_aes.o(i.CRYP_AES_CTR) refers to stm32f4xx_cryp.o(i.CRYP_KeyInit) for CRYP_KeyInit
    stm32f4xx_cryp_aes.o(i.CRYP_AES_CTR) refers to stm32f4xx_cryp.o(i.CRYP_Init) for CRYP_Init
    stm32f4xx_cryp_aes.o(i.CRYP_AES_CTR) refers to stm32f4xx_cryp.o(i.CRYP_IVInit) for CRYP_IVInit
    stm32f4xx_cryp_aes.o(i.CRYP_AES_CTR) refers to stm32f4xx_cryp.o(i.CRYP_FIFOFlush) for CRYP_FIFOFlush
    stm32f4xx_cryp_aes.o(i.CRYP_AES_CTR) refers to stm32f4xx_cryp.o(i.CRYP_Cmd) for CRYP_Cmd
    stm32f4xx_cryp_aes.o(i.CRYP_AES_CTR) refers to stm32f4xx_cryp.o(i.CRYP_GetCmdStatus) for CRYP_GetCmdStatus
    stm32f4xx_cryp_aes.o(i.CRYP_AES_CTR) refers to stm32f4xx_cryp.o(i.CRYP_DataIn) for CRYP_DataIn
    stm32f4xx_cryp_aes.o(i.CRYP_AES_CTR) refers to stm32f4xx_cryp.o(i.CRYP_GetFlagStatus) for CRYP_GetFlagStatus
    stm32f4xx_cryp_aes.o(i.CRYP_AES_CTR) refers to stm32f4xx_cryp.o(i.CRYP_DataOut) for CRYP_DataOut
    stm32f4xx_cryp_aes.o(i.CRYP_AES_ECB) refers to stm32f4xx_cryp.o(i.CRYP_KeyStructInit) for CRYP_KeyStructInit
    stm32f4xx_cryp_aes.o(i.CRYP_AES_ECB) refers to stm32f4xx_cryp.o(i.CRYP_FIFOFlush) for CRYP_FIFOFlush
    stm32f4xx_cryp_aes.o(i.CRYP_AES_ECB) refers to stm32f4xx_cryp.o(i.CRYP_Init) for CRYP_Init
    stm32f4xx_cryp_aes.o(i.CRYP_AES_ECB) refers to stm32f4xx_cryp.o(i.CRYP_KeyInit) for CRYP_KeyInit
    stm32f4xx_cryp_aes.o(i.CRYP_AES_ECB) refers to stm32f4xx_cryp.o(i.CRYP_Cmd) for CRYP_Cmd
    stm32f4xx_cryp_aes.o(i.CRYP_AES_ECB) refers to stm32f4xx_cryp.o(i.CRYP_GetFlagStatus) for CRYP_GetFlagStatus
    stm32f4xx_cryp_aes.o(i.CRYP_AES_ECB) refers to stm32f4xx_cryp.o(i.CRYP_GetCmdStatus) for CRYP_GetCmdStatus
    stm32f4xx_cryp_aes.o(i.CRYP_AES_ECB) refers to stm32f4xx_cryp.o(i.CRYP_DataIn) for CRYP_DataIn
[...]
    .ARM.Collect$$_printf_percent$$00000001  0x080001fc   Section        6  _printf_n.o(.ARM.Collect$$_printf_percent$$00000001)
    .ARM.Collect$$_printf_percent$$00000002  0x08000202   Section        6  _printf_p.o(.ARM.Collect$$_printf_percent$$00000002)
    .ARM.Collect$$_printf_percent$$00000003  0x08000208   Section        6  _printf_f.o(.ARM.Collect$$_printf_percent$$00000003)
    .ARM.Collect$$_printf_percent$$00000004  0x0800020e   Section        6  _printf_e.o(.ARM.Collect$$_printf_percent$$00000004)
    .ARM.Collect$$_printf_percent$$00000005  0x08000214   Section        6  _printf_g.o(.ARM.Collect$$_printf_percent$$00000005)
    .ARM.Collect$$_printf_percent$$00000006  0x0800021a   Section        6  _printf_a.o(.ARM.Collect$$_printf_percent$$00000006)
    .ARM.Collect$$_printf_percent$$00000007  0x08000220   Section       10  _printf_ll.o(.ARM.Collect$$_printf_percent$$00000007)
    .ARM.Collect$$_printf_percent$$00000008  0x0800022a   Section        6  _printf_i.o(.ARM.Collect$$_printf_percent$$00000008)
    .ARM.Collect$$_printf_percent$$00000009  0x08000230   Section        6  _printf_d.o(.ARM.Collect$$_printf_percent$$00000009)
    .ARM.Collect$$_printf_percent$$0000000A  0x08000236   Section        6  _printf_u.o(.ARM.Collect$$_printf_percent$$0000000A)
    .ARM.Collect$$_printf_percent$$0000000B  0x0800023c   Section        6  _printf_o.o(.ARM.Collect$$_printf_percent$$0000000B)
    .ARM.Collect$$_printf_percent$$0000000C  0x08000242   Section        6  _printf_x.o(.ARM.Collect$$_printf_percent$$0000000C)
    .ARM.Collect$$_printf_percent$$0000000D  0x08000248   Section        6  _printf_lli.o(.ARM.Collect$$_printf_percent$$0000000D)
    .ARM.Collect$$_printf_percent$$0000000E  0x0800024e   Section        6  _printf_lld.o(.ARM.Collect$$_printf_percent$$0000000E)
    .ARM.Collect$$_printf_percent$$0000000F  0x08000254   Section        6  _printf_llu.o(.ARM.Collect$$_printf_percent$$0000000F)
    .ARM.Collect$$_printf_percent$$00000010  0x0800025a   Section        6  _printf_llo.o(.ARM.Collect$$_printf_percent$$00000010)
    .ARM.Collect$$_printf_percent$$00000011  0x08000260   Section        6  _printf_llx.o(.ARM.Collect$$_printf_percent$$00000011)
    .ARM.Collect$$_printf_percent$$00000012  0x08000266   Section       10  _printf_l.o(.ARM.Collect$$_printf_percent$$00000012)
    .ARM.Collect$$_printf_percent$$00000013  0x08000270   Section        6  _printf_c.o(.ARM.Collect$$_printf_percent$$00000013)
    .ARM.Collect$$_printf_percent$$00000014  0x08000276   Section        6  _printf_s.o(.ARM.Collect$$_printf_percent$$00000014)
    .ARM.Collect$$_printf_percent$$00000015  0x0800027c   Section        6  _printf_lc.o(.ARM.Collect$$_printf_percent$$00000015)
    .ARM.Collect$$_printf_percent$$00000016  0x08000282   Section        6  _printf_ls.o(.ARM.Collect$$_printf_percent$$00000016)
    .ARM.Collect$$_printf_percent$$00000017  0x08000288   Section        4  _printf_percent_end.o(.ARM.Collect$$_printf_percent$$00000017)
    .ARM.Collect$$libinit$$00000000          0x0800028c   Section        2  libinit.o(.ARM.Collect$$libinit$$00000000)
    .ARM.Collect$$libinit$$00000001          0x0800028e   Section        4  libinit2.o(.ARM.Collect$$libinit$$00000001)
    .ARM.Collect$$libinit$$00000004          0x08000292   Section        0  libinit2.o(.ARM.Collect$$libinit$$00000004)
    .ARM.Collect$$libinit$$00000005          0x08000292   Section        8  libinit2.o(.ARM.Collect$$libinit$$00000005)
    .ARM.Collect$$libinit$$0000000A          0x0800029a   Section        0  libinit2.o(.ARM.Collect$$libinit$$0000000A)
    .ARM.Collect$$libinit$$0000000C          0x0800029a   Section        0  libinit2.o(.ARM.Collect$$libinit$$0000000C)
    .ARM.Collect$$libinit$$0000000E          0x0800029a   Section        0  libinit2.o(.ARM.Collect$$libinit$$0000000E)
    .ARM.Collect$$libinit$$0000000F          0x0800029a   Section        6  libinit2.o(.ARM.Collect$$libinit$$0000000F)
    .ARM.Collect$$libinit$$00000011          0x080002a0   Section        0  libinit2.o(.ARM.Collect$$libinit$$00000011)
    .ARM.Collect$$libinit$$00000012          0x080002a0   Section       12  libinit2.o(.ARM.Collect$$libinit$$00000012)
    .ARM.Collect$$libinit$$00000013          0x080002ac   Section        0  libinit2.o(.ARM.Collect$$libinit$$00000013)
    .ARM.Collect$$libinit$$00000015          0x080002ac   Section        0  libinit2.o(.ARM.Collect$$libinit$$00000015)
    .ARM.Collect$$libinit$$00000016          0x080002ac   Section       10  libinit2.o(.ARM.Collect$$libinit$$00000016)
    .ARM.Collect$$libinit$$00000017          0x080002b6   Section        0  libinit2.o(.ARM.Collect$$libinit$$00000017)
    .ARM.Collect$$libinit$$00000019          0x080002b6   Section        0  libinit2.o(.ARM.Collect$$libinit$$00000019)
    .ARM.Collect$$libinit$$0000001B          0x080002b6   Section        0  libinit2.o(.ARM.Collect$$libinit$$0000001B)
    .ARM.Collect$$libinit$$0000001D          0x080002b6   Section        0  libinit2.o(.ARM.Collect$$libinit$$0000001D)
    .ARM.Collect$$libinit$$0000001F          0x080002b6   Section        0  libinit2.o(.ARM.Collect$$libinit$$0000001F)
    .ARM.Collect$$libinit$$00000021          0x080002b6   Section        0  libinit2.o(.ARM.Collect$$libinit$$00000021)
    .ARM.Collect$$libinit$$00000023          0x080002b6   Section        0  libinit2.o(.ARM.Collect$$libinit$$00000023)
    .ARM.Collect$$libinit$$00000024          0x080002b6   Section        4  libinit2.o(.ARM.Collect$$libinit$$00000024)
    .ARM.Collect$$libinit$$00000025          0x080002ba   Section        0  libinit2.o(.ARM.Collect$$libinit$$00000025)
    .ARM.Collect$$libinit$$0000002C          0x080002ba   Section        0  libinit2.o(.ARM.Collect$$libinit$$0000002C)
    .ARM.Collect$$libinit$$0000002E          0x080002ba   Section        0  libinit2.o(.ARM.Collect$$libinit$$0000002E)
    .ARM.Collect$$libinit$$00000030          0x080002ba   Section        0  libinit2.o(.ARM.Collect$$libinit$$00000030)
    .ARM.Collect$$libinit$$00000032          0x080002ba   Section        0  libinit2.o(.ARM.Collect$$libinit$$00000032)
    .ARM.Collect$$libinit$$00000033          0x080002ba   Section        2  libinit2.o(.ARM.Collect$$libinit$$00000033)
    .ARM.Collect$$libshutdown$$00000000      0x080002bc   Section        2  libshutdown.o(.ARM.Collect$$libshutdown$$00000000)
    .ARM.Collect$$libshutdown$$00000002      0x080002be   Section        0  libshutdown2.o(.ARM.Collect$$libshutdown$$00000002)
    .ARM.Collect$$libshutdown$$00000003      0x080002be   Section        4  libshutdown2.o(.ARM.Collect$$libshutdown$$00000003)
    .ARM.Collect$$libshutdown$$00000004      0x080002c2   Section        0  libshutdown2.o(.ARM.Collect$$libshutdown$$00000004)
    .ARM.Collect$$libshutdown$$00000007      0x080002c2   Section        0  libshutdown2.o(.ARM.Collect$$libshutdown$$00000007)
    .ARM.Collect$$libshutdown$$0000000A      0x080002c2   Section        0  libshutdown2.o(.ARM.Collect$$libshutdown$$0000000A)
    .ARM.Collect$$libshutdown$$0000000C      0x080002c2   Section        0  libshutdown2.o(.ARM.Collect$$libshutdown$$0000000C)
    .ARM.Collect$$libshutdown$$0000000F      0x080002c2   Section        0  libshutdown2.o(.ARM.Collect$$libshutdown$$0000000F)
    .ARM.Collect$$libshutdown$$00000010      0x080002c2   Section        2  libshutdown2.o(.ARM.Collect$$libshutdown$$00000010)
    .ARM.Collect$$rtentry$$00000000          0x080002c4   Section        0  __rtentry.o(.ARM.Collect$$rtentry$$00000000)
    .ARM.Collect$$rtentry$$00000002          0x080002c4   Section        0  __rtentry2.o(.ARM.Collect$$rtentry$$00000002)
    .ARM.Collect$$rtentry$$00000004          0x080002c4   Section        6  __rtentry4.o(.ARM.Collect$$rtentry$$00000004)
    .ARM.Collect$$rtentry$$00000009          0x080002ca   Section        0  __rtentry2.o(.ARM.Collect$$rtentry$$00000009)
    .ARM.Collect$$rtentry$$0000000A          0x080002ca   Section        4  __rtentry2.o(.ARM.Collect$$rtentry$$0000000A)
    .ARM.Collect$$rtentry$$0000000C          0x080002ce   Section        0  __rtentry2.o(.ARM.Collect$$rtentry$$0000000C)
    .ARM.Collect$$rtentry$$0000000D          0x080002ce   Section        8  __rtentry2.o(.ARM.Collect$$rtentry$$0000000D)
    .ARM.Collect$$rtexit$$00000000           0x080002d6   Section        2  rtexit.o(.ARM.Collect$$rtexit$$00000000)
    .ARM.Collect$$rtexit$$00000002           0x080002d8   Section        0  rtexit2.o(.ARM.Collect$$rtexit$$00000002)
    .ARM.Collect$$rtexit$$00000003           0x080002d8   Section        4  rtexit2.o(.ARM.Collect$$rtexit$$00000003)
    .ARM.Collect$$rtexit$$00000004           0x080002dc   Section        6  rtexit2.o(.ARM.Collect$$rtexit$$00000004)
    .emb_text                                0x080002e4   Section        0  maybetermalloc1.o(.emb_text)
    .text                                    0x080002e4   Section       64  startup_stm32f40xx.o(.text)
    $v0                                      0x080002e4   Number         0  startup_stm32f40xx.o(.text)
    .text                                    0x08000324   Section        0  c89vsnprintf.o(.text)
    .text                                    0x08000358   Section        0  __2printf.o(.text)
    .text                                    0x08000370   Section        0  _printf_str.o(.text)
    .text                                    0x080003c4   Section        0  __printf_flags_ss_wp.o(.text)
    .text                                    0x0800054c   Section       78  rt_memclr_w.o(.text)
    .text                                    0x0800059a   Section        0  heapauxi.o(.text)
    .text                                    0x080005a0   Section        0  _printf_pad.o(.text)
    .text                                    0x080005ee   Section        0  _printf_truncate.o(.text)
    .text                                    0x08000614   Section        0  _printf_dec.o(.text)
    .text                                    0x0800068c   Section        0  _printf_charcount.o(.text)
    .text                                    0x080006b4   Section        0  _printf_char_common.o(.text)
    _printf_input_char                       0x080006b5   Thumb Code    10  _printf_char_common.o(.text)
    .text                                    0x080006e4   Section        0  _sputc.o(.text)
    .text                                    0x080006ee   Section        0  _snputc.o(.text)
    .text                                    0x080006fe   Section        0  _printf_char.o(.text)
    .text                                    0x0800072c   Section        0  _printf_char_file.o(.text)
    .text                                    0x08000750   Section        0  _printf_wctomb.o(.text)
    .text                                    0x0800080c   Section        0  _printf_longlong_dec.o(.text)
    .text                                    0x08000888   Section        0  _printf_oct_int_ll.o(.text)
    _printf_longlong_oct_internal            0x08000889   Thumb Code     0  _printf_oct_int_ll.o(.text)
    .text                                    0x080008f8   Section        0  _printf_hex_int_ll_ptr.o(.text)
    _printf_hex_common                       0x080008f9   Thumb Code     0  _printf_hex_int_ll_ptr.o(.text)
    .text                                    0x0800098c   Section      138  lludiv10.o(.text)
    .text                                    0x08000a16   Section        0  _printf_intcommon.o(.text)
    .text                                    0x08000ac8   Section        0  _printf_fp_dec.o(.text)
    _fp_digits                               0x08000acb   Thumb Code   432  _printf_fp_dec.o(.text)
    .text                                    0x08000ee6   Section        0  _printf_wchar.o(.text)
    .text                                    0x08000f12   Section        0  ferror.o(.text)
    .text                                    0x08000f1c   Section        0  initio.o(.text)
    .text                                    0x08001054   Section        0  _wcrtomb.o(.text)
    .text                                    0x08001094   Section        0  sys_io.o(.text)
    .text                                    0x080010fa   Section       74  sys_stackheap_outer.o(.text)
    .text                                    0x08001144   Section       16  rt_ctype_table.o(.text)
    .text                                    0x08001154   Section        8  rt_locale_intlibspace.o(.text)
    .text                                    0x0800115c   Section        0  h1_free.o(.text)
    .text                                    0x080011ac   Section        0  _printf_fp_infnan.o(.text)
    .text                                    0x0800122c   Section        0  bigflt0.o(.text)
    .text                                    0x08001310   Section        0  flsbuf.o(.text)
    .text                                    0x080014e6   Section        0  setvbuf.o(.text)
    .text                                    0x0800152c   Section        0  fopen.o(.text)
    _freopen_locked                          0x0800152d   Thumb Code     0  fopen.o(.text)
    .text                                    0x08001618   Section        0  fclose.o(.text)
    .text                                    0x08001664   Section        0  exit.o(.text)
    .text                                    0x08001676   Section        0  defsig_rtred_outer.o(.text)
    .text                                    0x08001684   Section        8  libspace.o(.text)
    .text                                    0x0800168c   Section        2  use_no_semi.o(.text)
    .text                                    0x0800168e   Section        0  indicate_semi.o(.text)
    .text                                    0x08001690   Section        8  rt_heap_descriptor_intlibspace.o(.text)
    .text                                    0x08001698   Section        0  hguard.o(.text)
    .text                                    0x0800169c   Section        0  init_alloc.o(.text)
    .text                                    0x08001726   Section        0  h1_alloc.o(.text)
    .text                                    0x08001784   Section        0  fseek.o(.text)
    .text                                    0x0800187c   Section        0  stdio.o(.text)
    .text                                    0x0800196c   Section        0  defsig_exit.o(.text)
    .text                                    0x08001978   Section        0  defsig_rtred_inner.o(.text)
    .text                                    0x080019ac   Section        0  strlen.o(.text)
    .text                                    0x080019ec   Section      128  strcmpv7m.o(.text)
    .text                                    0x08001a6c   Section        0  sys_exit.o(.text)
    .text                                    0x08001a78   Section        0  h1_init.o(.text)
    .text                                    0x08001a86   Section        0  h1_extend.o(.text)
    .text                                    0x08001aba   Section        0  ftell.o(.text)
    .text                                    0x08001afc   Section        0  defsig_general.o(.text)
    .text                                    0x08001b2e   Section        0  defsig_rtmem_outer.o(.text)
    .text                                    0x08001b3c   Section        0  sys_wrch.o(.text)
    .text                                    0x08001b4c   Section        8  rt_errno_addr_intlibspace.o(.text)
    .text                                    0x08001b54   Section        0  defsig_rtmem_inner.o(.text)
    CL$$btod_d2e                             0x08001ba4   Section       62  btod.o(CL$$btod_d2e)
    CL$$btod_d2e_denorm_low                  0x08001be2   Section       70  btod.o(CL$$btod_d2e_denorm_low)
    CL$$btod_d2e_norm_op1                    0x08001c28   Section       96  btod.o(CL$$btod_d2e_norm_op1)
    CL$$btod_div_common                      0x08001c88   Section      824  btod.o(CL$$btod_div_common)
    CL$$btod_e2e                             0x08001fc0   Section      220  btod.o(CL$$btod_e2e)
    CL$$btod_ediv                            0x0800209c   Section       42  btod.o(CL$$btod_ediv)
    CL$$btod_emul                            0x080020c6   Section       42  btod.o(CL$$btod_emul)
    CL$$btod_mult_common                     0x080020f0   Section      580  btod.o(CL$$btod_mult_common)
    i.BusFault_Handler                       0x08002334   Section        0  stm32f4xx_it.o(i.BusFault_Handler)
    i.DebugMon_Handler                       0x08002338   Section        0  stm32f4xx_it.o(i.DebugMon_Handler)
    i.HardFault_Handler                      0x0800233a   Section        0  stm32f4xx_it.o(i.HardFault_Handler)
    i.MemManage_Handler                      0x0800233e   Section        0  stm32f4xx_it.o(i.MemManage_Handler)
    i.NMI_Handler                            0x08002342   Section        0  stm32f4xx_it.o(i.NMI_Handler)
    i.PendSV_Handler                         0x08002344   Section        0  stm32f4xx_it.o(i.PendSV_Handler)
    i.SVC_Handler                            0x08002346   Section        0  stm32f4xx_it.o(i.SVC_Handler)
    i.SetSysClock                            0x08002348   Section        0  system_stm32f4xx_1.o(i.SetSysClock)
    SetSysClock                              0x08002349   Thumb Code   220  system_stm32f4xx_1.o(i.SetSysClock)
    i.SysTick_Handler                        0x08002434   Section        0  stm32f4xx_it.o(i.SysTick_Handler)
    i.SystemInit                             0x08002438   Section        0  system_stm32f4xx_1.o(i.SystemInit)
    i.UsageFault_Handler                     0x080024a0   Section        0  stm32f4xx_it.o(i.UsageFault_Handler)
    i.__ARM_fpclassify                       0x080024a4   Section        0  fpclassify.o(i.__ARM_fpclassify)
    i._is_digit                              0x080024d4   Section        0  __printf_wp.o(i._is_digit)
    i.console_logger                         0x080024e4   Section        0  ulog.o(i.console_logger)
    i.fputc                                  0x08002508   Section        0  fputc.o(i.fputc)
    i.main                                   0x08002524   Section        0  main.o(i.main)
    i.ulog_init                              0x08002558   Section        0  ulog.o(i.ulog_init)
    i.ulog_level_name                        0x08002574   Section        0  ulog.o(i.ulog_level_name)
    i.ulog_message                           0x080025f0   Section        0  ulog.o(i.ulog_message)
    i.ulog_subscribe                         0x08002644   Section        0  ulog.o(i.ulog_subscribe)
    locale$$code                             0x08002694   Section       44  lc_numeric_c.o(locale$$code)
    locale$$code                             0x080026c0   Section       44  lc_ctype_c.o(locale$$code)
    x$fpl$fpinit                             0x080026ec   Section       10  fpinit.o(x$fpl$fpinit)
    $v0                                      0x080026ec   Number         0  fpinit.o(x$fpl$fpinit)
    x$fpl$printf1                            0x080026f6   Section        4  printf1.o(x$fpl$printf1)
    $v0                                      0x080026f6   Number         0  printf1.o(x$fpl$printf1)
    .constdata                               0x080026fa   Section       17  __printf_flags_ss_wp.o(.constdata)
    x$fpl$usenofp                            0x080026fa   Section        0  usenofp.o(x$fpl$usenofp)
    maptable                                 0x080026fa   Data          17  __printf_flags_ss_wp.o(.constdata)
    .constdata                               0x0800270c   Section        8  _printf_wctomb.o(.constdata)
    initial_mbstate                          0x0800270c   Data           8  _printf_wctomb.o(.constdata)
    .constdata                               0x08002714   Section       40  _printf_hex_int_ll_ptr.o(.constdata)
    uc_hextab                                0x08002714   Data          20  _printf_hex_int_ll_ptr.o(.constdata)
    lc_hextab                                0x08002728   Data          20  _printf_hex_int_ll_ptr.o(.constdata)
    .constdata                               0x0800273c   Section        4  sys_io.o(.constdata)
    .constdata                               0x08002740   Section        4  sys_io.o(.constdata)
    .constdata                               0x08002744   Section        4  sys_io.o(.constdata)
    .constdata                               0x08002748   Section      148  bigflt0.o(.constdata)
    tenpwrs_x                                0x08002748   Data          60  bigflt0.o(.constdata)
    tenpwrs_i                                0x08002784   Data          64  bigflt0.o(.constdata)
    locale$$data                             0x080027fc   Section       28  lc_numeric_c.o(locale$$data)
    __lcnum_c_name                           0x08002800   Data           2  lc_numeric_c.o(locale$$data)
    __lcnum_c_start                          0x08002808   Data           0  lc_numeric_c.o(locale$$data)
    __lcnum_c_point                          0x08002814   Data           0  lc_numeric_c.o(locale$$data)
    __lcnum_c_thousands                      0x08002816   Data           0  lc_numeric_c.o(locale$$data)
    __lcnum_c_grouping                       0x08002817   Data           0  lc_numeric_c.o(locale$$data)
    locale$$data                             0x08002818   Section      272  lc_ctype_c.o(locale$$data)
    __lcnum_c_end                            0x08002818   Data           0  lc_numeric_c.o(locale$$data)
    __lcctype_c_name                         0x0800281c   Data           2  lc_ctype_c.o(locale$$data)
    __lcctype_c_start                        0x08002824   Data           0  lc_ctype_c.o(locale$$data)
    __lcctype_c_end                          0x08002928   Data           0  lc_ctype_c.o(locale$$data)
    .data                                    0x20000000   Section        4  stdio_streams.o(.data)
    .data                                    0x20000004   Section        4  stdio_streams.o(.data)
    .data                                    0x20000008   Section        4  stdio_streams.o(.data)
    .bss                                     0x2000000c   Section      168  ulog.o(.bss)
    s_subscribers                            0x2000000c   Data          48  ulog.o(.bss)
    s_message                                0x2000003c   Data         120  ulog.o(.bss)
    .bss                                     0x200000b4   Section       84  stdio_streams.o(.bss)
    .bss                                     0x20000108   Section       84  stdio_streams.o(.bss)
    .bss                                     0x2000015c   Section       84  stdio_streams.o(.bss)
    .bss                                     0x200001b0   Section       96  libspace.o(.bss)
    HEAP                                     0x20000210   Section      512  startup_stm32f40xx.o(HEAP)
    Heap_Mem                                 0x20000210   Data         512  startup_stm32f40xx.o(HEAP)
    STACK                                    0x20000410   Section     1024  startup_stm32f40xx.o(STACK)
    Stack_Mem                                0x20000410   Data        1024  startup_stm32f40xx.o(STACK)
    __initial_sp                             0x20000810   Data           0  startup_stm32f40xx.o(STACK)

    Global Symbols

    Symbol Name                              Value     Ov Type        Size  Object(Section)

    BuildAttributes$$THM_ISAv4$E$P$D$K$B$S$7EM$VFPi3$EXTD16$VFPS$VFMA$PE$A:L22UL41UL21$X:L11$S22US41US21$IEEE1$IW$USESV6$~STKCKD$USESV7$~SHL$OTIME$ROPI$IEEEJ$EBA8$UX$STANDARDLIB$REQ8$PRES8$EABIv2 0x00000000   Number         0  anon$$obj.o ABSOLUTE
    __ARM_use_no_argv                        0x00000000   Number         0  main.o ABSOLUTE
    _printf_flags                            0x00000000   Number         0  printf_stubs.o ABSOLUTE
    _printf_return_value                     0x00000000   Number         0  printf_stubs.o ABSOLUTE
    _printf_sizespec                         0x00000000   Number         0  printf_stubs.o ABSOLUTE
    _printf_widthprec                        0x00000000   Number         0  printf_stubs.o ABSOLUTE
    __ARM_exceptions_init                     - Undefined Weak Reference
    __alloca_initialize                       - Undefined Weak Reference
    __arm_preinit_                            - Undefined Weak Reference
    __cpp_initialize__aeabi_                  - Undefined Weak Reference
    __cxa_finalize                            - Undefined Weak Reference
    __sigvec_lookup                           - Undefined Weak Reference
    __user_heap_extent                        - Undefined Weak Reference
    _atexit_init                              - Undefined Weak Reference
    _call_atexit_fns                          - Undefined Weak Reference
    _clock_init                               - Undefined Weak Reference
    _fp_trap_init                             - Undefined Weak Reference
    _fp_trap_shutdown                         - Undefined Weak Reference
    _get_lc_collate                           - Undefined Weak Reference
    _get_lc_monetary                          - Undefined Weak Reference
    _get_lc_time                              - Undefined Weak Reference
    _getenv_init                              - Undefined Weak Reference
    _handle_redirection                       - Undefined Weak Reference
    _mutex_acquire                            - Undefined Weak Reference
    _mutex_free                               - Undefined Weak Reference
    _mutex_release                            - Undefined Weak Reference
    _printf_fp_hex                            - Undefined Weak Reference
    _printf_mbtowc                            - Undefined Weak Reference
    _printf_wc                                - Undefined Weak Reference
    _rand_init                                - Undefined Weak Reference
    _signal_finish                            - Undefined Weak Reference
    _signal_init                              - Undefined Weak Reference
    __Vectors_Size                           0x00000188   Number         0  startup_stm32f40xx.o ABSOLUTE
    __Vectors                                0x08000000   Data           4  startup_stm32f40xx.o(RESET)
    __Vectors_End                            0x08000188   Data           0  startup_stm32f40xx.o(RESET)
    __main                                   0x08000189   Thumb Code     8  __main.o(!!!main)
    __scatterload                            0x08000191   Thumb Code     0  __scatter.o(!!!scatter)
    __scatterload_rt2                        0x08000191   Thumb Code    44  __scatter.o(!!!scatter)
    __scatterload_rt2_thumb_only             0x08000191   Thumb Code     0  __scatter.o(!!!scatter)
    __scatterload_null                       0x0800019f   Thumb Code     0  __scatter.o(!!!scatter)
    __scatterload_copy                       0x080001c5   Thumb Code    26  __scatter_copy.o(!!handler_copy)
    __scatterload_zeroinit                   0x080001e1   Thumb Code    28  __scatter_zi.o(!!handler_zi)
    _printf_n                                0x080001fd   Thumb Code     0  _printf_n.o(.ARM.Collect$$_printf_percent$$00000001)
    _printf_percent                          0x080001fd   Thumb Code     0  _printf_percent.o(.ARM.Collect$$_printf_percent$$00000000)
    _printf_p                                0x08000203   Thumb Code     0  _printf_p.o(.ARM.Collect$$_printf_percent$$00000002)
    _printf_f                                0x08000209   Thumb Code     0  _printf_f.o(.ARM.Collect$$_printf_percent$$00000003)
    _printf_e                                0x0800020f   Thumb Code     0  _printf_e.o(.ARM.Collect$$_printf_percent$$00000004)
    _printf_g                                0x08000215   Thumb Code     0  _printf_g.o(.ARM.Collect$$_printf_percent$$00000005)
    _printf_a                                0x0800021b   Thumb Code     0  _printf_a.o(.ARM.Collect$$_printf_percent$$00000006)
    _printf_ll                               0x08000221   Thumb Code     0  _printf_ll.o(.ARM.Collect$$_printf_percent$$00000007)
    _printf_i                                0x0800022b   Thumb Code     0  _printf_i.o(.ARM.Collect$$_printf_percent$$00000008)
    _printf_d                                0x08000231   Thumb Code     0  _printf_d.o(.ARM.Collect$$_printf_percent$$00000009)
    _printf_u                                0x08000237   Thumb Code     0  _printf_u.o(.ARM.Collect$$_printf_percent$$0000000A)
    _printf_o                                0x0800023d   Thumb Code     0  _printf_o.o(.ARM.Collect$$_printf_percent$$0000000B)
    _printf_x                                0x08000243   Thumb Code     0  _printf_x.o(.ARM.Collect$$_printf_percent$$0000000C)
    _printf_lli                              0x08000249   Thumb Code     0  _printf_lli.o(.ARM.Collect$$_printf_percent$$0000000D)
    _printf_lld                              0x0800024f   Thumb Code     0  _printf_lld.o(.ARM.Collect$$_printf_percent$$0000000E)
    _printf_llu                              0x08000255   Thumb Code     0  _printf_llu.o(.ARM.Collect$$_printf_percent$$0000000F)
    _printf_llo                              0x0800025b   Thumb Code     0  _printf_llo.o(.ARM.Collect$$_printf_percent$$00000010)
    _printf_llx                              0x08000261   Thumb Code     0  _printf_llx.o(.ARM.Collect$$_printf_percent$$00000011)
    _printf_l                                0x08000267   Thumb Code     0  _printf_l.o(.ARM.Collect$$_printf_percent$$00000012)
    _printf_c                                0x08000271   Thumb Code     0  _printf_c.o(.ARM.Collect$$_printf_percent$$00000013)
    _printf_s                                0x08000277   Thumb Code     0  _printf_s.o(.ARM.Collect$$_printf_percent$$00000014)
    _printf_lc                               0x0800027d   Thumb Code     0  _printf_lc.o(.ARM.Collect$$_printf_percent$$00000015)
    _printf_ls                               0x08000283   Thumb Code     0  _printf_ls.o(.ARM.Collect$$_printf_percent$$00000016)
    _printf_percent_end                      0x08000289   Thumb Code     0  _printf_percent_end.o(.ARM.Collect$$_printf_percent$$00000017)
    __rt_lib_init                            0x0800028d   Thumb Code     0  libinit.o(.ARM.Collect$$libinit$$00000000)
    __rt_lib_init_fp_1                       0x0800028f   Thumb Code     0  libinit2.o(.ARM.Collect$$libinit$$00000001)
    __rt_lib_init_heap_2                     0x08000293   Thumb Code     0  libinit2.o(.ARM.Collect$$libinit$$00000005)
    __rt_lib_init_preinit_1                  0x08000293   Thumb Code     0  libinit2.o(.ARM.Collect$$libinit$$00000004)
    __rt_lib_init_heap_1                     0x0800029b   Thumb Code     0  libinit2.o(.ARM.Collect$$libinit$$0000000A)
    __rt_lib_init_lc_common                  0x0800029b   Thumb Code     0  libinit2.o(.ARM.Collect$$libinit$$0000000F)
    __rt_lib_init_rand_1                     0x0800029b   Thumb Code     0  libinit2.o(.ARM.Collect$$libinit$$0000000E)
    __rt_lib_init_user_alloc_1               0x0800029b   Thumb Code     0  libinit2.o(.ARM.Collect$$libinit$$0000000C)
    __rt_lib_init_lc_collate_1               0x080002a1   Thumb Code     0  libinit2.o(.ARM.Collect$$libinit$$00000011)
    __rt_lib_init_lc_ctype_2                 0x080002a1   Thumb Code     0  libinit2.o(.ARM.Collect$$libinit$$00000012)
    __rt_lib_init_lc_ctype_1                 0x080002ad   Thumb Code     0  libinit2.o(.ARM.Collect$$libinit$$00000013)
    __rt_lib_init_lc_monetary_1              0x080002ad   Thumb Code     0  libinit2.o(.ARM.Collect$$libinit$$00000015)
    __rt_lib_init_lc_numeric_2               0x080002ad   Thumb Code     0  libinit2.o(.ARM.Collect$$libinit$$00000016)
    __rt_lib_init_atexit_1                   0x080002b7   Thumb Code     0  libinit2.o(.ARM.Collect$$libinit$$0000001B)
    __rt_lib_init_clock_1                    0x080002b7   Thumb Code     0  libinit2.o(.ARM.Collect$$libinit$$00000021)
    __rt_lib_init_fp_trap_1                  0x080002b7   Thumb Code     0  libinit2.o(.ARM.Collect$$libinit$$0000001F)
    __rt_lib_init_getenv_1                   0x080002b7   Thumb Code     0  libinit2.o(.ARM.Collect$$libinit$$00000023)
    __rt_lib_init_lc_numeric_1               0x080002b7   Thumb Code     0  libinit2.o(.ARM.Collect$$libinit$$00000017)
    __rt_lib_init_lc_time_1                  0x080002b7   Thumb Code     0  libinit2.o(.ARM.Collect$$libinit$$00000019)
    __rt_lib_init_signal_1                   0x080002b7   Thumb Code     0  libinit2.o(.ARM.Collect$$libinit$$0000001D)
    __rt_lib_init_stdio_2                    0x080002b7   Thumb Code     0  libinit2.o(.ARM.Collect$$libinit$$00000024)
    __rt_lib_init_alloca_1                   0x080002bb   Thumb Code     0  libinit2.o(.ARM.Collect$$libinit$$0000002E)
    __rt_lib_init_argv_1                     0x080002bb   Thumb Code     0  libinit2.o(.ARM.Collect$$libinit$$0000002C)
    __rt_lib_init_cpp_1                      0x080002bb   Thumb Code     0  libinit2.o(.ARM.Collect$$libinit$$00000032)
    __rt_lib_init_exceptions_1               0x080002bb   Thumb Code     0  libinit2.o(.ARM.Collect$$libinit$$00000030)
    __rt_lib_init_return                     0x080002bb   Thumb Code     0  libinit2.o(.ARM.Collect$$libinit$$00000033)
    __rt_lib_init_stdio_1                    0x080002bb   Thumb Code     0  libinit2.o(.ARM.Collect$$libinit$$00000025)
    __rt_lib_shutdown                        0x080002bd   Thumb Code     0  libshutdown.o(.ARM.Collect$$libshutdown$$00000000)
    __rt_lib_shutdown_cpp_1                  0x080002bf   Thumb Code     0  libshutdown2.o(.ARM.Collect$$libshutdown$$00000002)
    __rt_lib_shutdown_stdio_2                0x080002bf   Thumb Code     0  libshutdown2.o(.ARM.Collect$$libshutdown$$00000003)
    __rt_lib_shutdown_fp_trap_1              0x080002c3   Thumb Code     0  libshutdown2.o(.ARM.Collect$$libshutdown$$00000007)
    __rt_lib_shutdown_heap_1                 0x080002c3   Thumb Code     0  libshutdown2.o(.ARM.Collect$$libshutdown$$0000000F)
    __rt_lib_shutdown_return                 0x080002c3   Thumb Code     0  libshutdown2.o(.ARM.Collect$$libshutdown$$00000010)
    __rt_lib_shutdown_signal_1               0x080002c3   Thumb Code     0  libshutdown2.o(.ARM.Collect$$libshutdown$$0000000A)
    __rt_lib_shutdown_stdio_1                0x080002c3   Thumb Code     0  libshutdown2.o(.ARM.Collect$$libshutdown$$00000004)
    __rt_lib_shutdown_user_alloc_1           0x080002c3   Thumb Code     0  libshutdown2.o(.ARM.Collect$$libshutdown$$0000000C)
    __rt_entry                               0x080002c5   Thumb Code     0  __rtentry.o(.ARM.Collect$$rtentry$$00000000)
    __rt_entry_presh_1                       0x080002c5   Thumb Code     0  __rtentry2.o(.ARM.Collect$$rtentry$$00000002)
    __rt_entry_sh                            0x080002c5   Thumb Code     0  __rtentry4.o(.ARM.Collect$$rtentry$$00000004)
    __rt_entry_li                            0x080002cb   Thumb Code     0  __rtentry2.o(.ARM.Collect$$rtentry$$0000000A)
    __rt_entry_postsh_1                      0x080002cb   Thumb Code     0  __rtentry2.o(.ARM.Collect$$rtentry$$00000009)
    __rt_entry_main                          0x080002cf   Thumb Code     0  __rtentry2.o(.ARM.Collect$$rtentry$$0000000D)
    __rt_entry_postli_1                      0x080002cf   Thumb Code     0  __rtentry2.o(.ARM.Collect$$rtentry$$0000000C)
    __rt_exit                                0x080002d7   Thumb Code     0  rtexit.o(.ARM.Collect$$rtexit$$00000000)
    __rt_exit_ls                             0x080002d9   Thumb Code     0  rtexit2.o(.ARM.Collect$$rtexit$$00000003)
    __rt_exit_prels_1                        0x080002d9   Thumb Code     0  rtexit2.o(.ARM.Collect$$rtexit$$00000002)
    __rt_exit_exit                           0x080002dd   Thumb Code     0  rtexit2.o(.ARM.Collect$$rtexit$$00000004)
    Reset_Handler                            0x080002e5   Thumb Code     8  startup_stm32f40xx.o(.text)
    _maybe_terminate_alloc                   0x080002e5   Thumb Code     0  maybetermalloc1.o(.emb_text)
    ADC_IRQHandler                           0x080002ff   Thumb Code     0  startup_stm32f40xx.o(.text)
    CAN1_RX0_IRQHandler                      0x080002ff   Thumb Code     0  startup_stm32f40xx.o(.text)
    CAN1_RX1_IRQHandler                      0x080002ff   Thumb Code     0  startup_stm32f40xx.o(.text)
    CAN1_SCE_IRQHandler                      0x080002ff   Thumb Code     0  startup_stm32f40xx.o(.text)
    CAN1_TX_IRQHandler                       0x080002ff   Thumb Code     0  startup_stm32f40xx.o(.text)
    CAN2_RX0_IRQHandler                      0x080002ff   Thumb Code     0  startup_stm32f40xx.o(.text)
    CAN2_RX1_IRQHandler                      0x080002ff   Thumb Code     0  startup_stm32f40xx.o(.text)
    CAN2_SCE_IRQHandler                      0x080002ff   Thumb Code     0  startup_stm32f40xx.o(.text)
    CAN2_TX_IRQHandler                       0x080002ff   Thumb Code     0  startup_stm32f40xx.o(.text)
    CRYP_IRQHandler                          0x080002ff   Thumb Code     0  startup_stm32f40xx.o(.text)
    DCMI_IRQHandler                          0x080002ff   Thumb Code     0  startup_stm32f40xx.o(.text)
    DMA1_Stream0_IRQHandler                  0x080002ff   Thumb Code     0  startup_stm32f40xx.o(.text)
    DMA1_Stream1_IRQHandler                  0x080002ff   Thumb Code     0  startup_stm32f40xx.o(.text)
    DMA1_Stream2_IRQHandler                  0x080002ff   Thumb Code     0  startup_stm32f40xx.o(.text)
    DMA1_Stream3_IRQHandler                  0x080002ff   Thumb Code     0  startup_stm32f40xx.o(.text)
    DMA1_Stream4_IRQHandler                  0x080002ff   Thumb Code     0  startup_stm32f40xx.o(.text)
    DMA1_Stream5_IRQHandler                  0x080002ff   Thumb Code     0  startup_stm32f40xx.o(.text)
    DMA1_Stream6_IRQHandler                  0x080002ff   Thumb Code     0  startup_stm32f40xx.o(.text)
    DMA1_Stream7_IRQHandler                  0x080002ff   Thumb Code     0  startup_stm32f40xx.o(.text)
    DMA2_Stream0_IRQHandler                  0x080002ff   Thumb Code     0  startup_stm32f40xx.o(.text)
    DMA2_Stream1_IRQHandler                  0x080002ff   Thumb Code     0  startup_stm32f40xx.o(.text)
    DMA2_Stream2_IRQHandler                  0x080002ff   Thumb Code     0  startup_stm32f40xx.o(.text)
    DMA2_Stream3_IRQHandler                  0x080002ff   Thumb Code     0  startup_stm32f40xx.o(.text)
    DMA2_Stream4_IRQHandler                  0x080002ff   Thumb Code     0  startup_stm32f40xx.o(.text)
    DMA2_Stream5_IRQHandler                  0x080002ff   Thumb Code     0  startup_stm32f40xx.o(.text)
    DMA2_Stream6_IRQHandler                  0x080002ff   Thumb Code     0  startup_stm32f40xx.o(.text)
    DMA2_Stream7_IRQHandler                  0x080002ff   Thumb Code     0  startup_stm32f40xx.o(.text)
    ETH_IRQHandler                           0x080002ff   Thumb Code     0  startup_stm32f40xx.o(.text)
    ETH_WKUP_IRQHandler                      0x080002ff   Thumb Code     0  startup_stm32f40xx.o(.text)
    EXTI0_IRQHandler                         0x080002ff   Thumb Code     0  startup_stm32f40xx.o(.text)
    EXTI15_10_IRQHandler                     0x080002ff   Thumb Code     0  startup_stm32f40xx.o(.text)
    EXTI1_IRQHandler                         0x080002ff   Thumb Code     0  startup_stm32f40xx.o(.text)
    EXTI2_IRQHandler                         0x080002ff   Thumb Code     0  startup_stm32f40xx.o(.text)
    EXTI3_IRQHandler                         0x080002ff   Thumb Code     0  startup_stm32f40xx.o(.text)
    EXTI4_IRQHandler                         0x080002ff   Thumb Code     0  startup_stm32f40xx.o(.text)
    EXTI9_5_IRQHandler                       0x080002ff   Thumb Code     0  startup_stm32f40xx.o(.text)
    FLASH_IRQHandler                         0x080002ff   Thumb Code     0  startup_stm32f40xx.o(.text)
    FPU_IRQHandler                           0x080002ff   Thumb Code     0  startup_stm32f40xx.o(.text)
    FSMC_IRQHandler                          0x080002ff   Thumb Code     0  startup_stm32f40xx.o(.text)
    HASH_RNG_IRQHandler                      0x080002ff   Thumb Code     0  startup_stm32f40xx.o(.text)
    I2C1_ER_IRQHandler                       0x080002ff   Thumb Code     0  startup_stm32f40xx.o(.text)
    I2C1_EV_IRQHandler                       0x080002ff   Thumb Code     0  startup_stm32f40xx.o(.text)
    I2C2_ER_IRQHandler                       0x080002ff   Thumb Code     0  startup_stm32f40xx.o(.text)
    I2C2_EV_IRQHandler                       0x080002ff   Thumb Code     0  startup_stm32f40xx.o(.text)
    I2C3_ER_IRQHandler                       0x080002ff   Thumb Code     0  startup_stm32f40xx.o(.text)
    I2C3_EV_IRQHandler                       0x080002ff   Thumb Code     0  startup_stm32f40xx.o(.text)
    OTG_FS_IRQHandler                        0x080002ff   Thumb Code     0  startup_stm32f40xx.o(.text)
    OTG_FS_WKUP_IRQHandler                   0x080002ff   Thumb Code     0  startup_stm32f40xx.o(.text)
    OTG_HS_EP1_IN_IRQHandler                 0x080002ff   Thumb Code     0  startup_stm32f40xx.o(.text)
    OTG_HS_EP1_OUT_IRQHandler                0x080002ff   Thumb Code     0  startup_stm32f40xx.o(.text)
    OTG_HS_IRQHandler                        0x080002ff   Thumb Code     0  startup_stm32f40xx.o(.text)
    OTG_HS_WKUP_IRQHandler                   0x080002ff   Thumb Code     0  startup_stm32f40xx.o(.text)
    PVD_IRQHandler                           0x080002ff   Thumb Code     0  startup_stm32f40xx.o(.text)
    RCC_IRQHandler                           0x080002ff   Thumb Code     0  startup_stm32f40xx.o(.text)
    RTC_Alarm_IRQHandler                     0x080002ff   Thumb Code     0  startup_stm32f40xx.o(.text)
    RTC_WKUP_IRQHandler                      0x080002ff   Thumb Code     0  startup_stm32f40xx.o(.text)
    SDIO_IRQHandler                          0x080002ff   Thumb Code     0  startup_stm32f40xx.o(.text)
    SPI1_IRQHandler                          0x080002ff   Thumb Code     0  startup_stm32f40xx.o(.text)
    SPI2_IRQHandler                          0x080002ff   Thumb Code     0  startup_stm32f40xx.o(.text)
    SPI3_IRQHandler                          0x080002ff   Thumb Code     0  startup_stm32f40xx.o(.text)
    TAMP_STAMP_IRQHandler                    0x080002ff   Thumb Code     0  startup_stm32f40xx.o(.text)
    TIM1_BRK_TIM9_IRQHandler                 0x080002ff   Thumb Code     0  startup_stm32f40xx.o(.text)
    TIM1_CC_IRQHandler                       0x080002ff   Thumb Code     0  startup_stm32f40xx.o(.text)
    TIM1_TRG_COM_TIM11_IRQHandler            0x080002ff   Thumb Code     0  startup_stm32f40xx.o(.text)
    TIM1_UP_TIM10_IRQHandler                 0x080002ff   Thumb Code     0  startup_stm32f40xx.o(.text)
    TIM2_IRQHandler                          0x080002ff   Thumb Code     0  startup_stm32f40xx.o(.text)
    TIM3_IRQHandler                          0x080002ff   Thumb Code     0  startup_stm32f40xx.o(.text)
    TIM4_IRQHandler                          0x080002ff   Thumb Code     0  startup_stm32f40xx.o(.text)
    TIM5_IRQHandler                          0x080002ff   Thumb Code     0  startup_stm32f40xx.o(.text)
    TIM6_DAC_IRQHandler                      0x080002ff   Thumb Code     0  startup_stm32f40xx.o(.text)
    TIM7_IRQHandler                          0x080002ff   Thumb Code     0  startup_stm32f40xx.o(.text)
    TIM8_BRK_TIM12_IRQHandler                0x080002ff   Thumb Code     0  startup_stm32f40xx.o(.text)
    TIM8_CC_IRQHandler                       0x080002ff   Thumb Code     0  startup_stm32f40xx.o(.text)
    TIM8_TRG_COM_TIM14_IRQHandler            0x080002ff   Thumb Code     0  startup_stm32f40xx.o(.text)
    TIM8_UP_TIM13_IRQHandler                 0x080002ff   Thumb Code     0  startup_stm32f40xx.o(.text)
    UART4_IRQHandler                         0x080002ff   Thumb Code     0  startup_stm32f40xx.o(.text)
    UART5_IRQHandler                         0x080002ff   Thumb Code     0  startup_stm32f40xx.o(.text)
    USART1_IRQHandler                        0x080002ff   Thumb Code     0  startup_stm32f40xx.o(.text)
    USART2_IRQHandler                        0x080002ff   Thumb Code     0  startup_stm32f40xx.o(.text)
    USART3_IRQHandler                        0x080002ff   Thumb Code     0  startup_stm32f40xx.o(.text)
    USART6_IRQHandler                        0x080002ff   Thumb Code     0  startup_stm32f40xx.o(.text)
    WWDG_IRQHandler                          0x080002ff   Thumb Code     0  startup_stm32f40xx.o(.text)
    __user_initial_stackheap                 0x08000301   Thumb Code     0  startup_stm32f40xx.o(.text)
    __c89vsnprintf                           0x08000325   Thumb Code    48  c89vsnprintf.o(.text)
    __2printf                                0x08000359   Thumb Code    20  __2printf.o(.text)
    _printf_str                              0x08000371   Thumb Code    82  _printf_str.o(.text)
    __printf                                 0x080003c5   Thumb Code   388  __printf_flags_ss_wp.o(.text)
    __aeabi_memclr4                          0x0800054d   Thumb Code     0  rt_memclr_w.o(.text)
    __aeabi_memclr8                          0x0800054d   Thumb Code     0  rt_memclr_w.o(.text)
    __rt_memclr_w                            0x0800054d   Thumb Code    78  rt_memclr_w.o(.text)
    _memset_w                                0x08000551   Thumb Code     0  rt_memclr_w.o(.text)
    __use_two_region_memory                  0x0800059b   Thumb Code     2  heapauxi.o(.text)
    __rt_heap_escrow                         0x0800059d   Thumb Code     2  heapauxi.o(.text)
    __rt_heap_expand                         0x0800059f   Thumb Code     2  heapauxi.o(.text)
    _printf_pre_padding                      0x080005a1   Thumb Code    44  _printf_pad.o(.text)
    _printf_post_padding                     0x080005cd   Thumb Code    34  _printf_pad.o(.text)
    _printf_truncate_signed                  0x080005ef   Thumb Code    18  _printf_truncate.o(.text)
    _printf_truncate_unsigned                0x08000601   Thumb Code    18  _printf_truncate.o(.text)
    _printf_int_dec                          0x08000615   Thumb Code   104  _printf_dec.o(.text)
    _printf_charcount                        0x0800068d   Thumb Code    40  _printf_charcount.o(.text)
    _printf_char_common                      0x080006bf   Thumb Code    32  _printf_char_common.o(.text)
    _sputc                                   0x080006e5   Thumb Code    10  _sputc.o(.text)
    _snputc                                  0x080006ef   Thumb Code    16  _snputc.o(.text)
    _printf_cs_common                        0x080006ff   Thumb Code    20  _printf_char.o(.text)
    _printf_char                             0x08000713   Thumb Code    16  _printf_char.o(.text)
    _printf_string                           0x08000723   Thumb Code     8  _printf_char.o(.text)
    _printf_char_file                        0x0800072d   Thumb Code    32  _printf_char_file.o(.text)
    _printf_wctomb                           0x08000751   Thumb Code   182  _printf_wctomb.o(.text)
    _printf_longlong_dec                     0x0800080d   Thumb Code   108  _printf_longlong_dec.o(.text)
    _printf_longlong_oct                     0x08000889   Thumb Code    66  _printf_oct_int_ll.o(.text)
    _printf_int_oct                          0x080008cb   Thumb Code    24  _printf_oct_int_ll.o(.text)
    _printf_ll_oct                           0x080008e3   Thumb Code    12  _printf_oct_int_ll.o(.text)
    _printf_longlong_hex                     0x080008f9   Thumb Code    86  _printf_hex_int_ll_ptr.o(.text)
    _printf_int_hex                          0x0800094f   Thumb Code    28  _printf_hex_int_ll_ptr.o(.text)
    _printf_ll_hex                           0x0800096b   Thumb Code    12  _printf_hex_int_ll_ptr.o(.text)
    _printf_hex_ptr                          0x08000977   Thumb Code    18  _printf_hex_int_ll_ptr.o(.text)
    _ll_udiv10                               0x0800098d   Thumb Code   138  lludiv10.o(.text)
    _printf_int_common                       0x08000a17   Thumb Code   178  _printf_intcommon.o(.text)
    __lib_sel_fp_printf                      0x08000ac9   Thumb Code     2  _printf_fp_dec.o(.text)
    _printf_fp_dec_real                      0x08000c7b   Thumb Code   620  _printf_fp_dec.o(.text)
    _printf_lcs_common                       0x08000ee7   Thumb Code    20  _printf_wchar.o(.text)
    _printf_wchar                            0x08000efb   Thumb Code    16  _printf_wchar.o(.text)
    _printf_wstring                          0x08000f0b   Thumb Code     8  _printf_wchar.o(.text)
    ferror                                   0x08000f13   Thumb Code     8  ferror.o(.text)
    _initio                                  0x08000f1d   Thumb Code   210  initio.o(.text)
    _terminateio                             0x08000fef   Thumb Code    56  initio.o(.text)
    _wcrtomb                                 0x08001055   Thumb Code    64  _wcrtomb.o(.text)
    _sys_open                                0x08001095   Thumb Code    20  sys_io.o(.text)
    _sys_close                               0x080010a9   Thumb Code    12  sys_io.o(.text)
    _sys_write                               0x080010b5   Thumb Code    16  sys_io.o(.text)
    _sys_read                                0x080010c5   Thumb Code    14  sys_io.o(.text)
    _sys_istty                               0x080010d3   Thumb Code    12  sys_io.o(.text)
    _sys_seek                                0x080010df   Thumb Code    14  sys_io.o(.text)
    _sys_ensure                              0x080010ed   Thumb Code     2  sys_io.o(.text)
    _sys_flen                                0x080010ef   Thumb Code    12  sys_io.o(.text)
    __user_setup_stackheap                   0x080010fb   Thumb Code    74  sys_stackheap_outer.o(.text)
    __rt_ctype_table                         0x08001145   Thumb Code    16  rt_ctype_table.o(.text)
    __rt_locale                              0x08001155   Thumb Code     8  rt_locale_intlibspace.o(.text)
    free                                     0x0800115d   Thumb Code    78  h1_free.o(.text)
    _printf_fp_infnan                        0x080011ad   Thumb Code   112  _printf_fp_infnan.o(.text)
    _btod_etento                             0x0800122d   Thumb Code   224  bigflt0.o(.text)
    __flsbuf                                 0x08001311   Thumb Code   470  flsbuf.o(.text)
    __flsbuf_byte                            0x08001311   Thumb Code     0  flsbuf.o(.text)
    __flsbuf_wide                            0x08001311   Thumb Code     0  flsbuf.o(.text)
    setvbuf                                  0x080014e7   Thumb Code    70  setvbuf.o(.text)
    freopen                                  0x0800152d   Thumb Code   158  fopen.o(.text)
    fopen                                    0x080015cb   Thumb Code    74  fopen.o(.text)
    _fclose_internal                         0x08001619   Thumb Code    76  fclose.o(.text)
    fclose                                   0x08001619   Thumb Code     0  fclose.o(.text)
    exit                                     0x08001665   Thumb Code    18  exit.o(.text)
    __rt_SIGRTRED                            0x08001677   Thumb Code    14  defsig_rtred_outer.o(.text)
    __user_libspace                          0x08001685   Thumb Code     8  libspace.o(.text)
    __user_perproc_libspace                  0x08001685   Thumb Code     0  libspace.o(.text)
    __user_perthread_libspace                0x08001685   Thumb Code     0  libspace.o(.text)
    __I$use$semihosting                      0x0800168d   Thumb Code     0  use_no_semi.o(.text)
    __use_no_semihosting_swi                 0x0800168d   Thumb Code     2  use_no_semi.o(.text)
    __semihosting_library_function           0x0800168f   Thumb Code     0  indicate_semi.o(.text)
    __rt_heap_descriptor                     0x08001691   Thumb Code     8  rt_heap_descriptor_intlibspace.o(.text)
    __use_no_heap                            0x08001699   Thumb Code     2  hguard.o(.text)
    __heap$guard                             0x0800169b   Thumb Code     2  hguard.o(.text)
    _terminate_user_alloc                    0x0800169d   Thumb Code     2  init_alloc.o(.text)
    _init_user_alloc                         0x0800169f   Thumb Code     2  init_alloc.o(.text)
    __Heap_Full                              0x080016a1   Thumb Code    34  init_alloc.o(.text)
    __Heap_Broken                            0x080016c3   Thumb Code     6  init_alloc.o(.text)
    _init_alloc                              0x080016c9   Thumb Code    94  init_alloc.o(.text)
    malloc                                   0x08001727   Thumb Code    94  h1_alloc.o(.text)
    _fseek                                   0x08001785   Thumb Code   242  fseek.o(.text)
    fseek                                    0x08001785   Thumb Code     0  fseek.o(.text)
    _seterr                                  0x0800187d   Thumb Code    20  stdio.o(.text)
    _writebuf                                0x08001891   Thumb Code    84  stdio.o(.text)
    _fflush                                  0x080018e5   Thumb Code    70  stdio.o(.text)
    _deferredlazyseek                        0x0800192b   Thumb Code    60  stdio.o(.text)
    __sig_exit                               0x0800196d   Thumb Code    10  defsig_exit.o(.text)
    __rt_SIGRTRED_inner                      0x08001979   Thumb Code    14  defsig_rtred_inner.o(.text)
    strlen                                   0x080019ad   Thumb Code    62  strlen.o(.text)
    strcmp                                   0x080019ed   Thumb Code   128  strcmpv7m.o(.text)
    _sys_exit                                0x08001a6d   Thumb Code     8  sys_exit.o(.text)
    __Heap_Initialize                        0x08001a79   Thumb Code    10  h1_init.o(.text)
    __Heap_DescSize                          0x08001a83   Thumb Code     4  h1_init.o(.text)
    __Heap_ProvideMemory                     0x08001a87   Thumb Code    52  h1_extend.o(.text)
    _ftell_internal                          0x08001abb   Thumb Code    66  ftell.o(.text)
    ftell                                    0x08001abb   Thumb Code     0  ftell.o(.text)
    __default_signal_display                 0x08001afd   Thumb Code    50  defsig_general.o(.text)
    __rt_SIGRTMEM                            0x08001b2f   Thumb Code    14  defsig_rtmem_outer.o(.text)
    _ttywrch                                 0x08001b3d   Thumb Code    14  sys_wrch.o(.text)
    __aeabi_errno_addr                       0x08001b4d   Thumb Code     8  rt_errno_addr_intlibspace.o(.text)
    __errno$intlibspace                      0x08001b4d   Thumb Code     0  rt_errno_addr_intlibspace.o(.text)
    __rt_errno_addr$intlibspace              0x08001b4d   Thumb Code     0  rt_errno_addr_intlibspace.o(.text)
    __rt_SIGRTMEM_inner                      0x08001b55   Thumb Code    22  defsig_rtmem_inner.o(.text)
    _btod_d2e                                0x08001ba5   Thumb Code    62  btod.o(CL$$btod_d2e)
    _d2e_denorm_low                          0x08001be3   Thumb Code    70  btod.o(CL$$btod_d2e_denorm_low)
    _d2e_norm_op1                            0x08001c29   Thumb Code    96  btod.o(CL$$btod_d2e_norm_op1)
    __btod_div_common                        0x08001c89   Thumb Code   696  btod.o(CL$$btod_div_common)
    _e2e                                     0x08001fc1   Thumb Code   220  btod.o(CL$$btod_e2e)
    _btod_ediv                               0x0800209d   Thumb Code    42  btod.o(CL$$btod_ediv)
    _btod_emul                               0x080020c7   Thumb Code    42  btod.o(CL$$btod_emul)
    __btod_mult_common                       0x080020f1   Thumb Code   580  btod.o(CL$$btod_mult_common)
    BusFault_Handler                         0x08002335   Thumb Code     4  stm32f4xx_it.o(i.BusFault_Handler)
    DebugMon_Handler                         0x08002339   Thumb Code     2  stm32f4xx_it.o(i.DebugMon_Handler)
    HardFault_Handler                        0x0800233b   Thumb Code     4  stm32f4xx_it.o(i.HardFault_Handler)
    MemManage_Handler                        0x0800233f   Thumb Code     4  stm32f4xx_it.o(i.MemManage_Handler)
    NMI_Handler                              0x08002343   Thumb Code     2  stm32f4xx_it.o(i.NMI_Handler)
    PendSV_Handler                           0x08002345   Thumb Code     2  stm32f4xx_it.o(i.PendSV_Handler)
    SVC_Handler                              0x08002347   Thumb Code     2  stm32f4xx_it.o(i.SVC_Handler)
    SysTick_Handler                          0x08002435   Thumb Code     2  stm32f4xx_it.o(i.SysTick_Handler)
    SystemInit                               0x08002439   Thumb Code    88  system_stm32f4xx_1.o(i.SystemInit)
    UsageFault_Handler                       0x080024a1   Thumb Code     4  stm32f4xx_it.o(i.UsageFault_Handler)
    __ARM_fpclassify                         0x080024a5   Thumb Code    48  fpclassify.o(i.__ARM_fpclassify)
    _is_digit                                0x080024d5   Thumb Code    14  __printf_wp.o(i._is_digit)
    console_logger                           0x080024e5   Thumb Code    26  ulog.o(i.console_logger)
    fputc                                    0x08002509   Thumb Code    26  fputc.o(i.fputc)
    main                                     0x08002525   Thumb Code    16  main.o(i.main)
    ulog_init                                0x08002559   Thumb Code    20  ulog.o(i.ulog_init)
    ulog_level_name                          0x08002575   Thumb Code    54  ulog.o(i.ulog_level_name)
    ulog_message                             0x080025f1   Thumb Code    74  ulog.o(i.ulog_message)
    ulog_subscribe                           0x08002645   Thumb Code    76  ulog.o(i.ulog_subscribe)
    _get_lc_numeric                          0x08002695   Thumb Code    44  lc_numeric_c.o(locale$$code)
    _get_lc_ctype                            0x080026c1   Thumb Code    44  lc_ctype_c.o(locale$$code)
    _fp_init                                 0x080026ed   Thumb Code    10  fpinit.o(x$fpl$fpinit)
    __fplib_config_fpu_vfp                   0x080026f5   Thumb Code     0  fpinit.o(x$fpl$fpinit)
    __fplib_config_pureend_doubles           0x080026f5   Thumb Code     0  fpinit.o(x$fpl$fpinit)
    _printf_fp_dec                           0x080026f7   Thumb Code     4  printf1.o(x$fpl$printf1)
    __I$use$fp                               0x080026fa   Number         0  usenofp.o(x$fpl$usenofp)
    __stdin_name                             0x0800273c   Data           4  sys_io.o(.constdata)
    __stdout_name                            0x08002740   Data           4  sys_io.o(.constdata)
    __stderr_name                            0x08002744   Data           4  sys_io.o(.constdata)
    Region$$Table$$Base                      0x080027dc   Number         0  anon$$obj.o(Region$$Table)
    Region$$Table$$Limit                     0x080027fc   Number         0  anon$$obj.o(Region$$Table)
    __ctype                                  0x08002825   Data           0  lc_ctype_c.o(locale$$data)
    __aeabi_stdin                            0x20000000   Data           4  stdio_streams.o(.data)
    __aeabi_stdout                           0x20000004   Data           4  stdio_streams.o(.data)
    __aeabi_stderr                           0x20000008   Data           4  stdio_streams.o(.data)
    __stdin                                  0x200000b4   Data          84  stdio_streams.o(.bss)
    __stdout                                 0x20000108   Data          84  stdio_streams.o(.bss)
    __stderr                                 0x2000015c   Data          84  stdio_streams.o(.bss)
    __libspace_start                         0x200001b0   Data          96  libspace.o(.bss)
    __temporary_stack_top$libspace           0x20000210   Data           0  libspace.o(.bss)



==============================================================================

Memory Map of the image

  Image Entry point : 0x08000189

  Load Region LR_IROM1 (Base: 0x08000000, Size: 0x00002934, Max: 0x00080000, ABSOLUTE)

    Execution Region ER_IROM1 (Exec base: 0x08000000, Load base: 0x08000000, Size: 0x00002928, Max: 0x00080000, ABSOLUTE)

    Exec Addr    Load Addr    Size         Type   Attr      Idx    E Section Name        Object

    0x08000000   0x08000000   0x00000188   Data   RO         5287    RESET               startup_stm32f40xx.o
    0x08000188   0x08000188   0x00000008   Code   RO         5387  * !!!main             c_w.l(__main.o)
    0x08000190   0x08000190   0x00000034   Code   RO         5860    !!!scatter          c_w.l(__scatter.o)
    0x080001c4   0x080001c4   0x0000001a   Code   RO         5862    !!handler_copy      c_w.l(__scatter_copy.o)
    0x080001de   0x080001de   0x00000002   PAD
    0x080001e0   0x080001e0   0x0000001c   Code   RO         5864    !!handler_zi        c_w.l(__scatter_zi.o)
    0x080001fc   0x080001fc   0x00000000   Code   RO         5382    .ARM.Collect$$_printf_percent$$00000000  c_w.l(_printf_percent.o)
    0x080001fc   0x080001fc   0x00000006   Code   RO         5441    .ARM.Collect$$_printf_percent$$00000001  c_w.l(_printf_n.o)
    0x08000202   0x08000202   0x00000006   Code   RO         5443    .ARM.Collect$$_printf_percent$$00000002  c_w.l(_printf_p.o)
    0x08000208   0x08000208   0x00000006   Code   RO         5448    .ARM.Collect$$_printf_percent$$00000003  c_w.l(_printf_f.o)
    0x0800020e   0x0800020e   0x00000006   Code   RO         5449    .ARM.Collect$$_printf_percent$$00000004  c_w.l(_printf_e.o)
    0x08000214   0x08000214   0x00000006   Code   RO         5450    .ARM.Collect$$_printf_percent$$00000005  c_w.l(_printf_g.o)
    0x0800021a   0x0800021a   0x00000006   Code   RO         5451    .ARM.Collect$$_printf_percent$$00000006  c_w.l(_printf_a.o)
    0x08000220   0x08000220   0x0000000a   Code   RO         5456    .ARM.Collect$$_printf_percent$$00000007  c_w.l(_printf_ll.o)
    0x0800022a   0x0800022a   0x00000006   Code   RO         5445    .ARM.Collect$$_printf_percent$$00000008  c_w.l(_printf_i.o)
    0x08000230   0x08000230   0x00000006   Code   RO         5446    .ARM.Collect$$_printf_percent$$00000009  c_w.l(_printf_d.o)
    0x08000236   0x08000236   0x00000006   Code   RO         5447    .ARM.Collect$$_printf_percent$$0000000A  c_w.l(_printf_u.o)
    0x0800023c   0x0800023c   0x00000006   Code   RO         5444    .ARM.Collect$$_printf_percent$$0000000B  c_w.l(_printf_o.o)
    0x08000242   0x08000242   0x00000006   Code   RO         5442    .ARM.Collect$$_printf_percent$$0000000C  c_w.l(_printf_x.o)
    0x08000248   0x08000248   0x00000006   Code   RO         5453    .ARM.Collect$$_printf_percent$$0000000D  c_w.l(_printf_lli.o)
    0x0800024e   0x0800024e   0x00000006   Code   RO         5454    .ARM.Collect$$_printf_percent$$0000000E  c_w.l(_printf_lld.o)
    0x08000254   0x08000254   0x00000006   Code   RO         5455    .ARM.Collect$$_printf_percent$$0000000F  c_w.l(_printf_llu.o)
    0x0800025a   0x0800025a   0x00000006   Code   RO         5460    .ARM.Collect$$_printf_percent$$00000010  c_w.l(_printf_llo.o)
    0x08000260   0x08000260   0x00000006   Code   RO         5461    .ARM.Collect$$_printf_percent$$00000011  c_w.l(_printf_llx.o)
    0x08000266   0x08000266   0x0000000a   Code   RO         5457    .ARM.Collect$$_printf_percent$$00000012  c_w.l(_printf_l.o)
    0x08000270   0x08000270   0x00000006   Code   RO         5440    .ARM.Collect$$_printf_percent$$00000013  c_w.l(_printf_c.o)
    0x08000276   0x08000276   0x00000006   Code   RO         5381    .ARM.Collect$$_printf_percent$$00000014  c_w.l(_printf_s.o)
    0x0800027c   0x0800027c   0x00000006   Code   RO         5458    .ARM.Collect$$_printf_percent$$00000015  c_w.l(_printf_lc.o)
    0x08000282   0x08000282   0x00000006   Code   RO         5459    .ARM.Collect$$_printf_percent$$00000016  c_w.l(_printf_ls.o)
    0x08000288   0x08000288   0x00000004   Code   RO         5452    .ARM.Collect$$_printf_percent$$00000017  c_w.l(_printf_percent_end.o)
    0x0800028c   0x0800028c   0x00000002   Code   RO         5637    .ARM.Collect$$libinit$$00000000  c_w.l(libinit.o)
    0x0800028e   0x0800028e   0x00000004   Code   RO         5638    .ARM.Collect$$libinit$$00000001  c_w.l(libinit2.o)
    0x08000292   0x08000292   0x00000000   Code   RO         5641    .ARM.Collect$$libinit$$00000004  c_w.l(libinit2.o)
    0x08000292   0x08000292   0x00000008   Code   RO         5642    .ARM.Collect$$libinit$$00000005  c_w.l(libinit2.o)
    0x0800029a   0x0800029a   0x00000000   Code   RO         5644    .ARM.Collect$$libinit$$0000000A  c_w.l(libinit2.o)
    0x0800029a   0x0800029a   0x00000000   Code   RO         5646    .ARM.Collect$$libinit$$0000000C  c_w.l(libinit2.o)
    0x0800029a   0x0800029a   0x00000000   Code   RO         5648    .ARM.Collect$$libinit$$0000000E  c_w.l(libinit2.o)
    0x0800029a   0x0800029a   0x00000006   Code   RO         5649    .ARM.Collect$$libinit$$0000000F  c_w.l(libinit2.o)
    0x080002a0   0x080002a0   0x00000000   Code   RO         5651    .ARM.Collect$$libinit$$00000011  c_w.l(libinit2.o)
    0x080002a0   0x080002a0   0x0000000c   Code   RO         5652    .ARM.Collect$$libinit$$00000012  c_w.l(libinit2.o)
    0x080002ac   0x080002ac   0x00000000   Code   RO         5653    .ARM.Collect$$libinit$$00000013  c_w.l(libinit2.o)
    0x080002ac   0x080002ac   0x00000000   Code   RO         5655    .ARM.Collect$$libinit$$00000015  c_w.l(libinit2.o)
    0x080002ac   0x080002ac   0x0000000a   Code   RO         5656    .ARM.Collect$$libinit$$00000016  c_w.l(libinit2.o)
    0x080002b6   0x080002b6   0x00000000   Code   RO         5657    .ARM.Collect$$libinit$$00000017  c_w.l(libinit2.o)
    0x080002b6   0x080002b6   0x00000000   Code   RO         5659    .ARM.Collect$$libinit$$00000019  c_w.l(libinit2.o)
    0x080002b6   0x080002b6   0x00000000   Code   RO         5661    .ARM.Collect$$libinit$$0000001B  c_w.l(libinit2.o)
    0x080002b6   0x080002b6   0x00000000   Code   RO         5663    .ARM.Collect$$libinit$$0000001D  c_w.l(libinit2.o)
    0x080002b6   0x080002b6   0x00000000   Code   RO         5665    .ARM.Collect$$libinit$$0000001F  c_w.l(libinit2.o)
    0x080002b6   0x080002b6   0x00000000   Code   RO         5667    .ARM.Collect$$libinit$$00000021  c_w.l(libinit2.o)
    0x080002b6   0x080002b6   0x00000000   Code   RO         5669    .ARM.Collect$$libinit$$00000023  c_w.l(libinit2.o)
    0x080002b6   0x080002b6   0x00000004   Code   RO         5670    .ARM.Collect$$libinit$$00000024  c_w.l(libinit2.o)
    0x080002ba   0x080002ba   0x00000000   Code   RO         5671    .ARM.Collect$$libinit$$00000025  c_w.l(libinit2.o)
    0x080002ba   0x080002ba   0x00000000   Code   RO         5675    .ARM.Collect$$libinit$$0000002C  c_w.l(libinit2.o)
    0x080002ba   0x080002ba   0x00000000   Code   RO         5677    .ARM.Collect$$libinit$$0000002E  c_w.l(libinit2.o)
    0x080002ba   0x080002ba   0x00000000   Code   RO         5679    .ARM.Collect$$libinit$$00000030  c_w.l(libinit2.o)
    0x080002ba   0x080002ba   0x00000000   Code   RO         5681    .ARM.Collect$$libinit$$00000032  c_w.l(libinit2.o)
    0x080002ba   0x080002ba   0x00000002   Code   RO         5682    .ARM.Collect$$libinit$$00000033  c_w.l(libinit2.o)
    0x080002bc   0x080002bc   0x00000002   Code   RO         5839    .ARM.Collect$$libshutdown$$00000000  c_w.l(libshutdown.o)
    0x080002be   0x080002be   0x00000000   Code   RO         5684    .ARM.Collect$$libshutdown$$00000002  c_w.l(libshutdown2.o)
    0x080002be   0x080002be   0x00000004   Code   RO         5685    .ARM.Collect$$libshutdown$$00000003  c_w.l(libshutdown2.o)
    0x080002c2   0x080002c2   0x00000000   Code   RO         5686    .ARM.Collect$$libshutdown$$00000004  c_w.l(libshutdown2.o)
    0x080002c2   0x080002c2   0x00000000   Code   RO         5689    .ARM.Collect$$libshutdown$$00000007  c_w.l(libshutdown2.o)
    0x080002c2   0x080002c2   0x00000000   Code   RO         5692    .ARM.Collect$$libshutdown$$0000000A  c_w.l(libshutdown2.o)
    0x080002c2   0x080002c2   0x00000000   Code   RO         5694    .ARM.Collect$$libshutdown$$0000000C  c_w.l(libshutdown2.o)
    0x080002c2   0x080002c2   0x00000000   Code   RO         5697    .ARM.Collect$$libshutdown$$0000000F  c_w.l(libshutdown2.o)
    0x080002c2   0x080002c2   0x00000002   Code   RO         5698    .ARM.Collect$$libshutdown$$00000010  c_w.l(libshutdown2.o)
    0x080002c4   0x080002c4   0x00000000   Code   RO         5389    .ARM.Collect$$rtentry$$00000000  c_w.l(__rtentry.o)
    0x080002c4   0x080002c4   0x00000000   Code   RO         5471    .ARM.Collect$$rtentry$$00000002  c_w.l(__rtentry2.o)
    0x080002c4   0x080002c4   0x00000006   Code   RO         5483    .ARM.Collect$$rtentry$$00000004  c_w.l(__rtentry4.o)
    0x080002ca   0x080002ca   0x00000000   Code   RO         5473    .ARM.Collect$$rtentry$$00000009  c_w.l(__rtentry2.o)
    0x080002ca   0x080002ca   0x00000004   Code   RO         5474    .ARM.Collect$$rtentry$$0000000A  c_w.l(__rtentry2.o)
    0x080002ce   0x080002ce   0x00000000   Code   RO         5476    .ARM.Collect$$rtentry$$0000000C  c_w.l(__rtentry2.o)
    0x080002ce   0x080002ce   0x00000008   Code   RO         5477    .ARM.Collect$$rtentry$$0000000D  c_w.l(__rtentry2.o)
    0x080002d6   0x080002d6   0x00000002   Code   RO         5712    .ARM.Collect$$rtexit$$00000000  c_w.l(rtexit.o)
    0x080002d8   0x080002d8   0x00000000   Code   RO         5775    .ARM.Collect$$rtexit$$00000002  c_w.l(rtexit2.o)
    0x080002d8   0x080002d8   0x00000004   Code   RO         5776    .ARM.Collect$$rtexit$$00000003  c_w.l(rtexit2.o)
    0x080002dc   0x080002dc   0x00000006   Code   RO         5777    .ARM.Collect$$rtexit$$00000004  c_w.l(rtexit2.o)
    0x080002e2   0x080002e2   0x00000002   PAD
    0x080002e4   0x080002e4   0x00000000   Code   RO         5781    .emb_text           c_w.l(maybetermalloc1.o)
    0x080002e4   0x080002e4   0x00000040   Code   RO         5288    .text               startup_stm32f40xx.o
    0x08000324   0x08000324   0x00000034   Code   RO         5351    .text               c_w.l(c89vsnprintf.o)
    0x08000358   0x08000358   0x00000018   Code   RO         5353    .text               c_w.l(__2printf.o)
    0x08000370   0x08000370   0x00000052   Code   RO         5359    .text               c_w.l(_printf_str.o)
    0x080003c2   0x080003c2   0x00000002   PAD
    0x080003c4   0x080003c4   0x00000188   Code   RO         5378    .text               c_w.l(__printf_flags_ss_wp.o)
    0x0800054c   0x0800054c   0x0000004e   Code   RO         5383    .text               c_w.l(rt_memclr_w.o)
    0x0800059a   0x0800059a   0x00000006   Code   RO         5385    .text               c_w.l(heapauxi.o)
    0x080005a0   0x080005a0   0x0000004e   Code   RO         5390    .text               c_w.l(_printf_pad.o)
    0x080005ee   0x080005ee   0x00000024   Code   RO         5392    .text               c_w.l(_printf_truncate.o)
    0x08000612   0x08000612   0x00000002   PAD
    0x08000614   0x08000614   0x00000078   Code   RO         5394    .text               c_w.l(_printf_dec.o)
    0x0800068c   0x0800068c   0x00000028   Code   RO         5396    .text               c_w.l(_printf_charcount.o)
    0x080006b4   0x080006b4   0x00000030   Code   RO         5398    .text               c_w.l(_printf_char_common.o)
    0x080006e4   0x080006e4   0x0000000a   Code   RO         5400    .text               c_w.l(_sputc.o)
    0x080006ee   0x080006ee   0x00000010   Code   RO         5402    .text               c_w.l(_snputc.o)
    0x080006fe   0x080006fe   0x0000002c   Code   RO         5404    .text               c_w.l(_printf_char.o)
    0x0800072a   0x0800072a   0x00000002   PAD
    0x0800072c   0x0800072c   0x00000024   Code   RO         5406    .text               c_w.l(_printf_char_file.o)
    0x08000750   0x08000750   0x000000bc   Code   RO         5408    .text               c_w.l(_printf_wctomb.o)
    0x0800080c   0x0800080c   0x0000007c   Code   RO         5411    .text               c_w.l(_printf_longlong_dec.o)
    0x08000888   0x08000888   0x00000070   Code   RO         5417    .text               c_w.l(_printf_oct_int_ll.o)
    0x080008f8   0x080008f8   0x00000094   Code   RO         5437    .text               c_w.l(_printf_hex_int_ll_ptr.o)
    0x0800098c   0x0800098c   0x0000008a   Code   RO         5485    .text               c_w.l(lludiv10.o)
    0x08000a16   0x08000a16   0x000000b2   Code   RO         5487    .text               c_w.l(_printf_intcommon.o)
    0x08000ac8   0x08000ac8   0x0000041e   Code   RO         5489    .text               c_w.l(_printf_fp_dec.o)
    0x08000ee6   0x08000ee6   0x0000002c   Code   RO         5493    .text               c_w.l(_printf_wchar.o)
    0x08000f12   0x08000f12   0x00000008   Code   RO         5495    .text               c_w.l(ferror.o)
    0x08000f1a   0x08000f1a   0x00000002   PAD
    0x08000f1c   0x08000f1c   0x00000138   Code   RO         5501    .text               c_w.l(initio.o)
    0x08001054   0x08001054   0x00000040   Code   RO         5509    .text               c_w.l(_wcrtomb.o)
    0x08001094   0x08001094   0x00000066   Code   RO         5511    .text               c_w.l(sys_io.o)
    0x080010fa   0x080010fa   0x0000004a   Code   RO         5518    .text               c_w.l(sys_stackheap_outer.o)
    0x08001144   0x08001144   0x00000010   Code   RO         5520    .text               c_w.l(rt_ctype_table.o)
    0x08001154   0x08001154   0x00000008   Code   RO         5525    .text               c_w.l(rt_locale_intlibspace.o)
    0x0800115c   0x0800115c   0x0000004e   Code   RO         5529    .text               c_w.l(h1_free.o)
    0x080011aa   0x080011aa   0x00000002   PAD
    0x080011ac   0x080011ac   0x00000080   Code   RO         5583    .text               c_w.l(_printf_fp_infnan.o)
    0x0800122c   0x0800122c   0x000000e4   Code   RO         5585    .text               c_w.l(bigflt0.o)
    0x08001310   0x08001310   0x000001d6   Code   RO         5610    .text               c_w.l(flsbuf.o)
    0x080014e6   0x080014e6   0x00000046   Code   RO         5612    .text               c_w.l(setvbuf.o)
    0x0800152c   0x0800152c   0x000000ec   Code   RO         5615    .text               c_w.l(fopen.o)
    0x08001618   0x08001618   0x0000004c   Code   RO         5617    .text               c_w.l(fclose.o)
    0x08001664   0x08001664   0x00000012   Code   RO         5626    .text               c_w.l(exit.o)
    0x08001676   0x08001676   0x0000000e   Code   RO         5628    .text               c_w.l(defsig_rtred_outer.o)
    0x08001684   0x08001684   0x00000008   Code   RO         5706    .text               c_w.l(libspace.o)
    0x0800168c   0x0800168c   0x00000002   Code   RO         5709    .text               c_w.l(use_no_semi.o)
    0x0800168e   0x0800168e   0x00000000   Code   RO         5711    .text               c_w.l(indicate_semi.o)
    0x0800168e   0x0800168e   0x00000002   PAD
    0x08001690   0x08001690   0x00000008   Code   RO         5719    .text               c_w.l(rt_heap_descriptor_intlibspace.o)
    0x08001698   0x08001698   0x00000004   Code   RO         5721    .text               c_w.l(hguard.o)
    0x0800169c   0x0800169c   0x0000008a   Code   RO         5723    .text               c_w.l(init_alloc.o)
    0x08001726   0x08001726   0x0000005e   Code   RO         5729    .text               c_w.l(h1_alloc.o)
    0x08001784   0x08001784   0x000000f8   Code   RO         5745    .text               c_w.l(fseek.o)
    0x0800187c   0x0800187c   0x000000f0   Code   RO         5747    .text               c_w.l(stdio.o)
    0x0800196c   0x0800196c   0x0000000a   Code   RO         5756    .text               c_w.l(defsig_exit.o)
    0x08001976   0x08001976   0x00000002   PAD
    0x08001978   0x08001978   0x00000034   Code   RO         5758    .text               c_w.l(defsig_rtred_inner.o)
    0x080019ac   0x080019ac   0x0000003e   Code   RO         5762    .text               c_w.l(strlen.o)
    0x080019ea   0x080019ea   0x00000002   PAD
    0x080019ec   0x080019ec   0x00000080   Code   RO         5766    .text               c_w.l(strcmpv7m.o)
    0x08001a6c   0x08001a6c   0x0000000c   Code   RO         5772    .text               c_w.l(sys_exit.o)
    0x08001a78   0x08001a78   0x0000000e   Code   RO         5783    .text               c_w.l(h1_init.o)
    0x08001a86   0x08001a86   0x00000034   Code   RO         5785    .text               c_w.l(h1_extend.o)
    0x08001aba   0x08001aba   0x00000042   Code   RO         5795    .text               c_w.l(ftell.o)
    0x08001afc   0x08001afc   0x00000032   Code   RO         5803    .text               c_w.l(defsig_general.o)
    0x08001b2e   0x08001b2e   0x0000000e   Code   RO         5805    .text               c_w.l(defsig_rtmem_outer.o)
    0x08001b3c   0x08001b3c   0x0000000e   Code   RO         5820    .text               c_w.l(sys_wrch.o)
    0x08001b4a   0x08001b4a   0x00000002   PAD
    0x08001b4c   0x08001b4c   0x00000008   Code   RO         5827    .text               c_w.l(rt_errno_addr_intlibspace.o)
    0x08001b54   0x08001b54   0x00000050   Code   RO         5833    .text               c_w.l(defsig_rtmem_inner.o)
    0x08001ba4   0x08001ba4   0x0000003e   Code   RO         5588    CL$$btod_d2e        c_w.l(btod.o)
    0x08001be2   0x08001be2   0x00000046   Code   RO         5590    CL$$btod_d2e_denorm_low  c_w.l(btod.o)
    0x08001c28   0x08001c28   0x00000060   Code   RO         5589    CL$$btod_d2e_norm_op1  c_w.l(btod.o)
    0x08001c88   0x08001c88   0x00000338   Code   RO         5598    CL$$btod_div_common  c_w.l(btod.o)
    0x08001fc0   0x08001fc0   0x000000dc   Code   RO         5595    CL$$btod_e2e        c_w.l(btod.o)
    0x0800209c   0x0800209c   0x0000002a   Code   RO         5592    CL$$btod_ediv       c_w.l(btod.o)
    0x080020c6   0x080020c6   0x0000002a   Code   RO         5591    CL$$btod_emul       c_w.l(btod.o)
    0x080020f0   0x080020f0   0x00000244   Code   RO         5597    CL$$btod_mult_common  c_w.l(btod.o)
    0x08002334   0x08002334   0x00000004   Code   RO          141    i.BusFault_Handler  stm32f4xx_it.o
    0x08002338   0x08002338   0x00000002   Code   RO          142    i.DebugMon_Handler  stm32f4xx_it.o
    0x0800233a   0x0800233a   0x00000004   Code   RO          143    i.HardFault_Handler  stm32f4xx_it.o
    0x0800233e   0x0800233e   0x00000004   Code   RO          144    i.MemManage_Handler  stm32f4xx_it.o
    0x08002342   0x08002342   0x00000002   Code   RO          145    i.NMI_Handler       stm32f4xx_it.o
    0x08002344   0x08002344   0x00000002   Code   RO          146    i.PendSV_Handler    stm32f4xx_it.o
    0x08002346   0x08002346   0x00000002   Code   RO          147    i.SVC_Handler       stm32f4xx_it.o
    0x08002348   0x08002348   0x000000ec   Code   RO          216    i.SetSysClock       system_stm32f4xx_1.o
    0x08002434   0x08002434   0x00000002   Code   RO          148    i.SysTick_Handler   stm32f4xx_it.o
    0x08002436   0x08002436   0x00000002   PAD
    0x08002438   0x08002438   0x00000068   Code   RO          218    i.SystemInit        system_stm32f4xx_1.o
    0x080024a0   0x080024a0   0x00000004   Code   RO          149    i.UsageFault_Handler  stm32f4xx_it.o
    0x080024a4   0x080024a4   0x00000030   Code   RO         5704    i.__ARM_fpclassify  m_wm.l(fpclassify.o)
    0x080024d4   0x080024d4   0x0000000e   Code   RO         5371    i._is_digit         c_w.l(__printf_wp.o)
    0x080024e2   0x080024e2   0x00000002   PAD
    0x080024e4   0x080024e4   0x00000024   Code   RO         5292    i.console_logger    ulog.o
    0x08002508   0x08002508   0x0000001a   Code   RO         5498    i.fputc             c_w.l(fputc.o)
    0x08002522   0x08002522   0x00000002   PAD
    0x08002524   0x08002524   0x00000034   Code   RO            4    i.main              main.o
    0x08002558   0x08002558   0x0000001c   Code   RO         5293    i.ulog_init         ulog.o
    0x08002574   0x08002574   0x0000007c   Code   RO         5294    i.ulog_level_name   ulog.o
    0x080025f0   0x080025f0   0x00000054   Code   RO         5295    i.ulog_message      ulog.o
    0x08002644   0x08002644   0x00000050   Code   RO         5296    i.ulog_subscribe    ulog.o
    0x08002694   0x08002694   0x0000002c   Code   RO         5624    locale$$code        c_w.l(lc_numeric_c.o)
    0x080026c0   0x080026c0   0x0000002c   Code   RO         5754    locale$$code        c_w.l(lc_ctype_c.o)
    0x080026ec   0x080026ec   0x0000000a   Code   RO         5770    x$fpl$fpinit        fz_wm.l(fpinit.o)
    0x080026f6   0x080026f6   0x00000004   Code   RO         5468    x$fpl$printf1       fz_wm.l(printf1.o)
    0x080026fa   0x080026fa   0x00000000   Code   RO         5703    x$fpl$usenofp       fz_wm.l(usenofp.o)
    0x080026fa   0x080026fa   0x00000011   Data   RO         5379    .constdata          c_w.l(__printf_flags_ss_wp.o)
    0x0800270b   0x0800270b   0x00000001   PAD
    0x0800270c   0x0800270c   0x00000008   Data   RO         5409    .constdata          c_w.l(_printf_wctomb.o)
    0x08002714   0x08002714   0x00000028   Data   RO         5438    .constdata          c_w.l(_printf_hex_int_ll_ptr.o)
    0x0800273c   0x0800273c   0x00000004   Data   RO         5512    .constdata          c_w.l(sys_io.o)
    0x08002740   0x08002740   0x00000004   Data   RO         5513    .constdata          c_w.l(sys_io.o)
    0x08002744   0x08002744   0x00000004   Data   RO         5514    .constdata          c_w.l(sys_io.o)
    0x08002748   0x08002748   0x00000094   Data   RO         5586    .constdata          c_w.l(bigflt0.o)
    0x080027dc   0x080027dc   0x00000020   Data   RO         5858    Region$$Table       anon$$obj.o
    0x080027fc   0x080027fc   0x0000001c   Data   RO         5623    locale$$data        c_w.l(lc_numeric_c.o)
    0x08002818   0x08002818   0x00000110   Data   RO         5753    locale$$data        c_w.l(lc_ctype_c.o)


    Execution Region RW_IRAM1 (Exec base: 0x20000000, Load base: 0x08002928, Size: 0x00000810, Max: 0x00020000, ABSOLUTE)

    Exec Addr    Load Addr    Size         Type   Attr      Idx    E Section Name        Object

    0x20000000   0x08002928   0x00000004   Data   RW         5465    .data               c_w.l(stdio_streams.o)
    0x20000004   0x0800292c   0x00000004   Data   RW         5466    .data               c_w.l(stdio_streams.o)
    0x20000008   0x08002930   0x00000004   Data   RW         5467    .data               c_w.l(stdio_streams.o)
    0x2000000c        -       0x000000a8   Zero   RW         5298    .bss                ulog.o
    0x200000b4        -       0x00000054   Zero   RW         5462    .bss                c_w.l(stdio_streams.o)
    0x20000108        -       0x00000054   Zero   RW         5463    .bss                c_w.l(stdio_streams.o)
    0x2000015c        -       0x00000054   Zero   RW         5464    .bss                c_w.l(stdio_streams.o)
    0x200001b0        -       0x00000060   Zero   RW         5707    .bss                c_w.l(libspace.o)
    0x20000210        -       0x00000200   Zero   RW         5286    HEAP                startup_stm32f40xx.o
    0x20000410        -       0x00000400   Zero   RW         5285    STACK               startup_stm32f40xx.o


==============================================================================

Image component sizes


      Code (inc. data)   RO Data    RW Data    ZI Data      Debug   Object Name

        52         36          0          0          0       4999   main.o
        64         26        392          0       1536        816   startup_stm32f40xx.o
        26          0          0          0          0       4098   stm32f4xx_it.o
       340         32          0          0          0       1505   system_stm32f4xx_1.o
       352        110          0          0        168       5339   ulog.o

    ----------------------------------------------------------------------
       836        204        424          0       1704      16757   Object Totals
         0          0         32          0          0          0   (incl. Generated)
         2          0          0          0          0          0   (incl. Padding)

    ----------------------------------------------------------------------

      Code (inc. data)   RO Data    RW Data    ZI Data      Debug   Library Member Name

        24          4          0          0          0         84   __2printf.o
         8          0          0          0          0         68   __main.o
       392          4         17          0          0         92   __printf_flags_ss_wp.o
        14          0          0          0          0         68   __printf_wp.o
         0          0          0          0          0          0   __rtentry.o
        12          0          0          0          0          0   __rtentry2.o
         6          0          0          0          0          0   __rtentry4.o
        52          8          0          0          0          0   __scatter.o
        26          0          0          0          0          0   __scatter_copy.o
        28          0          0          0          0          0   __scatter_zi.o
         6          0          0          0          0          0   _printf_a.o
         6          0          0          0          0          0   _printf_c.o
        44          0          0          0          0        108   _printf_char.o
        48          6          0          0          0         96   _printf_char_common.o
        36          4          0          0          0         80   _printf_char_file.o
        40          0          0          0          0         68   _printf_charcount.o
         6          0          0          0          0          0   _printf_d.o
       120         16          0          0          0         92   _printf_dec.o
         6          0          0          0          0          0   _printf_e.o
         6          0          0          0          0          0   _printf_f.o
      1054          0          0          0          0        216   _printf_fp_dec.o
       128         16          0          0          0         84   _printf_fp_infnan.o
         6          0          0          0          0          0   _printf_g.o
       148          4         40          0          0        160   _printf_hex_int_ll_ptr.o
         6          0          0          0          0          0   _printf_i.o
       178          0          0          0          0         88   _printf_intcommon.o
        10          0          0          0          0          0   _printf_l.o
         6          0          0          0          0          0   _printf_lc.o
        10          0          0          0          0          0   _printf_ll.o
         6          0          0          0          0          0   _printf_lld.o
         6          0          0          0          0          0   _printf_lli.o
         6          0          0          0          0          0   _printf_llo.o
         6          0          0          0          0          0   _printf_llu.o
         6          0          0          0          0          0   _printf_llx.o
       124         16          0          0          0         92   _printf_longlong_dec.o
         6          0          0          0          0          0   _printf_ls.o
         6          0          0          0          0          0   _printf_n.o
         6          0          0          0          0          0   _printf_o.o
       112         10          0          0          0        124   _printf_oct_int_ll.o
         6          0          0          0          0          0   _printf_p.o
        78          0          0          0          0        108   _printf_pad.o
         0          0          0          0          0          0   _printf_percent.o
         4          0          0          0          0          0   _printf_percent_end.o
         6          0          0          0          0          0   _printf_s.o
        82          0          0          0          0         80   _printf_str.o
        36          0          0          0          0         84   _printf_truncate.o
         6          0          0          0          0          0   _printf_u.o
        44          0          0          0          0        108   _printf_wchar.o
       188          6          8          0          0         92   _printf_wctomb.o
         6          0          0          0          0          0   _printf_x.o
        16          0          0          0          0         68   _snputc.o
        10          0          0          0          0         68   _sputc.o
        64          0          0          0          0         92   _wcrtomb.o
       228          4        148          0          0         96   bigflt0.o
      1936        128          0          0          0        672   btod.o
        52          4          0          0          0         80   c89vsnprintf.o
        10          0          0          0          0         68   defsig_exit.o
        50          0          0          0          0         88   defsig_general.o
        80         58          0          0          0         76   defsig_rtmem_inner.o
        14          0          0          0          0         80   defsig_rtmem_outer.o
        52         38          0          0          0         76   defsig_rtred_inner.o
        14          0          0          0          0         80   defsig_rtred_outer.o
        18          0          0          0          0         80   exit.o
        76          0          0          0          0         88   fclose.o
         8          0          0          0          0         68   ferror.o
       470          0          0          0          0         88   flsbuf.o
       236          4          0          0          0        128   fopen.o
        26          0          0          0          0         68   fputc.o
       248          6          0          0          0         84   fseek.o
        66          0          0          0          0         76   ftell.o
        94          0          0          0          0         80   h1_alloc.o
        52          0          0          0          0         68   h1_extend.o
        78          0          0          0          0         80   h1_free.o
        14          0          0          0          0         84   h1_init.o
         6          0          0          0          0        152   heapauxi.o
         4          0          0          0          0        136   hguard.o
         0          0          0          0          0          0   indicate_semi.o
       138          0          0          0          0        168   init_alloc.o
       312         46          0          0          0        112   initio.o
        44         10        272          0          0         76   lc_ctype_c.o
        44         10         28          0          0         76   lc_numeric_c.o
         2          0          0          0          0          0   libinit.o
        46          0          0          0          0          0   libinit2.o
         2          0          0          0          0          0   libshutdown.o
         6          0          0          0          0          0   libshutdown2.o
         8          4          0          0         96         68   libspace.o
       138          0          0          0          0         80   lludiv10.o
         0          0          0          0          0          0   maybetermalloc1.o
        16          4          0          0          0         76   rt_ctype_table.o
         8          4          0          0          0         68   rt_errno_addr_intlibspace.o
         8          4          0          0          0         68   rt_heap_descriptor_intlibspace.o
         8          4          0          0          0         68   rt_locale_intlibspace.o
        78          0          0          0          0         80   rt_memclr_w.o
         2          0          0          0          0          0   rtexit.o
        10          0          0          0          0          0   rtexit2.o
        70          0          0          0          0         80   setvbuf.o
       240          6          0          0          0        156   stdio.o
         0          0          0         12        252          0   stdio_streams.o
       128          0          0          0          0         68   strcmpv7m.o
        62          0          0          0          0         76   strlen.o
        12          4          0          0          0         68   sys_exit.o
       102          0         12          0          0        240   sys_io.o
        74          0          0          0          0         80   sys_stackheap_outer.o
        14          0          0          0          0         76   sys_wrch.o
         2          0          0          0          0         68   use_no_semi.o
        10          0          0          0          0        116   fpinit.o
         4          0          0          0          0        116   printf1.o
         0          0          0          0          0          0   usenofp.o
        48          0          0          0          0        124   fpclassify.o

    ----------------------------------------------------------------------
      8750        432        526         12        348       7024   Library Totals
        26          0          1          0          0          0   (incl. Padding)

    ----------------------------------------------------------------------

      Code (inc. data)   RO Data    RW Data    ZI Data      Debug   Library Name

      8662        432        525         12        348       6668   c_w.l
        14          0          0          0          0        232   fz_wm.l
        48          0          0          0          0        124   m_wm.l

    ----------------------------------------------------------------------
      8750        432        526         12        348       7024   Library Totals

    ----------------------------------------------------------------------

==============================================================================


      Code (inc. data)   RO Data    RW Data    ZI Data      Debug   

      9586        636        950         12       2052      18589   Grand Totals
      9586        636        950         12       2052      18589   ELF Image Totals
      9586        636        950         12          0          0   ROM Totals

==============================================================================

    Total RO  Size (Code + RO Data)                10536 (  10.29kB)
    Total RW  Size (RW Data + ZI Data)              2064 (   2.02kB)
    Total ROM Size (Code + RO Data + RW Data)      10548 (  10.30kB)

==============================================================================

